[Licensing::Module] Trying to connect to existing licensing client channel...
Built from '6000.3/respin/6000.3.6f1-732c1ec89f18' branch; Version is '6000.3.6f1 (bbb010bdb8a3) revision 12300304'; Using compiler version '194234433'; Build Type 'Release'
OS: 'Windows 10  (10.0.19045) 64bit Core' Language: 'en' Physical Memory: 16169 MB
BatchMode: 1, IsHumanControllingUs: 0, StartBugReporterOnCrash: 0, Is64bit: 1
System  architecture: x64
Process architecture: x64
Date: 2026-03-26T23:53:27Z
[Licensing::IpcConnector] Successfully connected to: "LicenseClient-jason" at "2026-03-26T23:53:27.9558816Z"

COMMAND LINE ARGUMENTS:
C:\Program Files\Unity\Hub\Editor\6000.3.6f1\Editor\Unity.exe
-quit
-batchmode
-nographics
-projectPath
c:\Users\jason\Documents\repo\Titan-Orbit\Titan Orbit
-executeMethod
TitanOrbit.Editor.GameSetup.BatchEnsureTeamSelectionPanelsDE
-logFile
c:\Users\jason\Documents\repo\Titan-Orbit\Titan Orbit\batch-ensure-teams.log
Successfully changed project path to: c:\Users\jason\Documents\repo\Titan-Orbit\Titan Orbit
C:/Users/jason/Documents/repo/Titan-Orbit/Titan Orbit
Exiting without the bug reporter. Application will terminate with return code 1