{"sessionId":"ab7145","hypothesisId":"H4","location":"StartHostWithRelayAsync","message":"allocation created","data":{"allocationId":"e4de439f-0cd1-48f3-a136-6a263f69868c","relayConnectionType":"wss","maxConnections":59},"timestamp":1775224226508}
{"sessionId":"ab7145","hypothesisId":"H5","location":"MapGenerator.EnsureMapGenerated","message":"entry","data":{"isServer":true,"hasGenerated":false},"timestamp":1775224226801}
{"sessionId":"ab7145","hypothesisId":"H5","location":"MapGenerator.EnsureMapGenerated","message":"entry","data":{"isServer":true,"hasGenerated":true},"timestamp":1775224226883}
{"sessionId":"ab7145","hypothesisId":"H5","location":"MapGenerator.EnsureMapGenerated","message":"entry","data":{"isServer":true,"hasGenerated":true},"timestamp":1775224226903}
{"sessionId":"ab7145","hypothesisId":"H3","location":"NetworkGameManager.OnClientConnected","message":"server saw client","data":{"clientId":0,"realtimeSinceStartup":34.38},"timestamp":1775224226909}
{"sessionId":"ab7145","hypothesisId":"H4","location":"StartHostWithRelayAsync","message":"StartHost returned true","data":{"relayConnectionType":"wss","useWebSockets":true},"timestamp":1775224226909}
{"sessionId":"ab7145","hypothesisId":"H2","location":"StartHostWithRelayAsync","message":"join code ready","data":{"joinCodeLength":6},"timestamp":1775224227170}
{"sessionId":"ab7145","hypothesisId":"H3","location":"NetworkGameManager.OnClientConnected","message":"server saw client","data":{"clientId":1,"realtimeSinceStartup":181.97},"timestamp":1775224374504}
{"sessionId":"ab7145","hypothesisId":"H2","location":"PlayWebGLJoinByLobbyIdAsync","message":"after JoinLobbyById","data":{"hasLobbyData":true,"hasRelayKey":true},"timestamp":1775226179267}
{"sessionId":"ab7145","hypothesisId":"H4","location":"PlayWebGLJoinByLobbyIdAsync","message":"JoinAllocation ok","data":{"allocationId":"a3c43f9e-f26c-48ad-9e49-11dbd87fbca1","relayConnectionType":"wss"},"timestamp":1775226179550}
{"sessionId":"ab7145","hypothesisId":"H3","location":"PlayWebGLJoinByLobbyIdAsync","message":"StartClient","data":{"started":true,"useWebSockets":true},"timestamp":1775226179752}
{"sessionId":"ab7145","hypothesisId":"H4","location":"StartHostWithRelayAsync","message":"allocation created","data":{"allocationId":"503da6c5-0b4f-42fb-a487-9e8c16380abb","relayConnectionType":"wss","maxConnections":59},"timestamp":1775226295862}
{"sessionId":"ab7145","hypothesisId":"H5","location":"MapGenerator.EnsureMapGenerated","message":"entry","data":{"isServer":true,"hasGenerated":false},"timestamp":1775226296054}
{"sessionId":"ab7145","hypothesisId":"H5","location":"MapGenerator.EnsureMapGenerated","message":"entry","data":{"isServer":true,"hasGenerated":true},"timestamp":1775226296120}
{"sessionId":"ab7145","hypothesisId":"H5","location":"MapGenerator.EnsureMapGenerated","message":"entry","data":{"isServer":true,"hasGenerated":true},"timestamp":1775226296135}
{"sessionId":"ab7145","hypothesisId":"H3","location":"NetworkGameManager.OnClientConnected","message":"server saw client","data":{"clientId":0,"realtimeSinceStartup":22.66},"timestamp":1775226296139}
{"sessionId":"ab7145","hypothesisId":"H4","location":"StartHostWithRelayAsync","message":"StartHost returned true","data":{"relayConnectionType":"wss","useWebSockets":true},"timestamp":1775226296139}
{"sessionId":"ab7145","hypothesisId":"H2","location":"StartHostWithRelayAsync","message":"join code ready","data":{"joinCodeLength":6},"timestamp":1775226296316}
{"sessionId":"ab7145","hypothesisId":"H4","location":"StartHostWithRelayAsync","message":"allocation created","data":{"allocationId":"d2c75dde-3acd-4027-b34c-4609ee5d0ecd","relayConnectionType":"wss","maxConnections":59},"timestamp":1775226358137}
{"sessionId":"ab7145","hypothesisId":"H5","location":"MapGenerator.EnsureMapGenerated","message":"entry","data":{"isServer":true,"hasGenerated":false},"timestamp":1775226358325}
{"sessionId":"ab7145","hypothesisId":"H5","location":"MapGenerator.EnsureMapGenerated","message":"entry","data":{"isServer":true,"hasGenerated":true},"timestamp":1775226358388}
{"sessionId":"ab7145","hypothesisId":"H5","location":"MapGenerator.EnsureMapGenerated","message":"entry","data":{"isServer":true,"hasGenerated":true},"timestamp":1775226358404}
{"sessionId":"ab7145","hypothesisId":"H3","location":"NetworkGameManager.OnClientConnected","message":"server saw client","data":{"clientId":0,"realtimeSinceStartup":41.51},"timestamp":1775226358408}
{"sessionId":"ab7145","hypothesisId":"H4","location":"StartHostWithRelayAsync","message":"StartHost returned true","data":{"relayConnectionType":"wss","useWebSockets":true},"timestamp":1775226358409}
{"sessionId":"ab7145","hypothesisId":"H2","location":"StartHostWithRelayAsync","message":"join code ready","data":{"joinCodeLength":6},"timestamp":1775226358595}
{"sessionId":"ab7145","hypothesisId":"H4","location":"StartHostWithRelayAsync","message":"allocation created","data":{"allocationId":"d61e8a8a-a116-4215-a2ee-b501b55d0628","relayConnectionType":"wss","maxConnections":59},"timestamp":1775226489952}
{"sessionId":"ab7145","hypothesisId":"H5","location":"MapGenerator.EnsureMapGenerated","message":"entry","data":{"isServer":true,"hasGenerated":false},"timestamp":1775226490296}
{"sessionId":"ab7145","hypothesisId":"H5","location":"MapGenerator.EnsureMapGenerated","message":"entry","data":{"isServer":true,"hasGenerated":true},"timestamp":1775226490359}
{"sessionId":"ab7145","hypothesisId":"H5","location":"MapGenerator.EnsureMapGenerated","message":"entry","data":{"isServer":true,"hasGenerated":true},"timestamp":1775226490374}
{"sessionId":"ab7145","hypothesisId":"H3","location":"NetworkGameManager.OnClientConnected","message":"server saw client","data":{"clientId":0,"realtimeSinceStartup":11.67},"timestamp":1775226490378}
{"sessionId":"ab7145","hypothesisId":"H4","location":"StartHostWithRelayAsync","message":"StartHost returned true","data":{"relayConnectionType":"wss","useWebSockets":true},"timestamp":1775226490378}
{"sessionId":"ab7145","hypothesisId":"H2","location":"StartHostWithRelayAsync","message":"join code ready","data":{"joinCodeLength":6},"timestamp":1775226491013}
{"sessionId":"ab7145","hypothesisId":"H4","location":"StartHostWithRelayAsync","message":"allocation created","data":{"allocationId":"6f6a25bd-00b3-46cb-b6e8-a53a19355d2d","relayConnectionType":"wss","maxConnections":59},"timestamp":1775226764609}
{"sessionId":"ab7145","hypothesisId":"H5","location":"MapGenerator.EnsureMapGenerated","message":"entry","data":{"isServer":true,"hasGenerated":false},"timestamp":1775226764877}
{"sessionId":"ab7145","hypothesisId":"H5","location":"MapGenerator.EnsureMapGenerated","message":"entry","data":{"isServer":true,"hasGenerated":true},"timestamp":1775226764948}
{"sessionId":"ab7145","hypothesisId":"H5","location":"MapGenerator.EnsureMapGenerated","message":"entry","data":{"isServer":true,"hasGenerated":true},"timestamp":1775226764968}
{"sessionId":"ab7145","hypothesisId":"H3","location":"NetworkGameManager.OnClientConnected","message":"server saw client","data":{"clientId":0,"realtimeSinceStartup":14.04},"timestamp":1775226764975}
{"sessionId":"ab7145","hypothesisId":"H4","location":"StartHostWithRelayAsync","message":"StartHost returned true","data":{"relayConnectionType":"wss","useWebSockets":true},"timestamp":1775226764975}
{"sessionId":"ab7145","hypothesisId":"H2","location":"StartHostWithRelayAsync","message":"join code ready","data":{"joinCodeLength":6},"timestamp":1775226765249}
{"sessionId":"ab7145","hypothesisId":"H1","location":"NetworkGameManager.AgentOnTransportFailure","message":"OnTransportFailure","data":{"relayConnectionType":"wss","isHost":true,"isClient":true},"timestamp":1775226823760}
{"sessionId":"ab7145","hypothesisId":"H1","location":"NetworkGameManager.AgentOnTransportFailure","message":"OnTransportFailure","data":{"relayConnectionType":"wss","isHost":true,"isClient":true},"timestamp":1775226824004}
{"sessionId":"ab7145","hypothesisId":"H4","location":"StartHostWithRelayAsync","message":"allocation created","data":{"allocationId":"3b71b781-559e-4bbd-b7aa-74f9283ec661","relayConnectionType":"wss","maxConnections":59},"timestamp":1775226870290}
{"sessionId":"ab7145","hypothesisId":"H5","location":"MapGenerator.EnsureMapGenerated","message":"entry","data":{"isServer":true,"hasGenerated":false},"timestamp":1775226870539}
{"sessionId":"ab7145","hypothesisId":"H5","location":"MapGenerator.EnsureMapGenerated","message":"entry","data":{"isServer":true,"hasGenerated":true},"timestamp":1775226870608}
{"sessionId":"ab7145","hypothesisId":"H5","location":"MapGenerator.EnsureMapGenerated","message":"entry","data":{"isServer":true,"hasGenerated":true},"timestamp":1775226870626}
{"sessionId":"ab7145","hypothesisId":"H3","location":"NetworkGameManager.OnClientConnected","message":"server saw client","data":{"clientId":0,"realtimeSinceStartup":25.64},"timestamp":1775226870631}
{"sessionId":"ab7145","hypothesisId":"H4","location":"StartHostWithRelayAsync","message":"StartHost returned true","data":{"relayConnectionType":"wss","useWebSockets":true},"timestamp":1775226870632}
{"sessionId":"ab7145","hypothesisId":"H2","location":"StartHostWithRelayAsync","message":"join code ready","data":{"joinCodeLength":6},"timestamp":1775226870874}
{"sessionId":"ab7145","hypothesisId":"H4","location":"StartHostWithRelayAsync","message":"allocation created","data":{"allocationId":"0e515322-5ffe-4079-89bf-7f788f4400f0","relayConnectionType":"wss","maxConnections":59},"timestamp":1775227042575}
{"sessionId":"ab7145","hypothesisId":"H5","location":"MapGenerator.EnsureMapGenerated","message":"entry","data":{"isServer":true,"hasGenerated":false},"timestamp":1775227050637}
{"sessionId":"ab7145","hypothesisId":"H5","location":"MapGenerator.EnsureMapGenerated","message":"entry","data":{"isServer":true,"hasGenerated":true},"timestamp":1775227050809}
{"sessionId":"ab7145","hypothesisId":"H5","location":"MapGenerator.EnsureMapGenerated","message":"entry","data":{"isServer":true,"hasGenerated":true},"timestamp":1775227050904}
{"sessionId":"ab7145","hypothesisId":"H3","location":"NetworkGameManager.OnClientConnected","message":"server saw client","data":{"clientId":0,"realtimeSinceStartup":26.27},"timestamp":1775227050924}
{"sessionId":"ab7145","hypothesisId":"H4","location":"StartHostWithRelayAsync","message":"StartHost returned true","data":{"relayConnectionType":"wss","useWebSockets":true},"timestamp":1775227050925}
{"sessionId":"ab7145","hypothesisId":"H2","location":"StartHostWithRelayAsync","message":"join code ready","data":{"joinCodeLength":6},"timestamp":1775227051436}
{"sessionId":"ab7145","hypothesisId":"H1","location":"NetworkGameManager.AgentOnTransportFailure","message":"OnTransportFailure","data":{"relayConnectionType":"wss","isHost":true,"isClient":true},"timestamp":1775227052149}
{"sessionId":"ab7145","hypothesisId":"H4","location":"StartHostWithRelayAsync","message":"allocation created","data":{"allocationId":"6227fc5d-0d38-4554-8016-e29b24aef779","relayConnectionType":"wss","maxConnections":59},"timestamp":1775227087055}
{"sessionId":"ab7145","hypothesisId":"H5","location":"MapGenerator.EnsureMapGenerated","message":"entry","data":{"isServer":true,"hasGenerated":false},"timestamp":1775227087292}
{"sessionId":"ab7145","hypothesisId":"H5","location":"MapGenerator.EnsureMapGenerated","message":"entry","data":{"isServer":true,"hasGenerated":true},"timestamp":1775227087379}
{"sessionId":"ab7145","hypothesisId":"H5","location":"MapGenerator.EnsureMapGenerated","message":"entry","data":{"isServer":true,"hasGenerated":true},"timestamp":1775227087399}
{"sessionId":"ab7145","hypothesisId":"H3","location":"NetworkGameManager.OnClientConnected","message":"server saw client","data":{"clientId":0,"realtimeSinceStartup":17.54},"timestamp":1775227087405}
{"sessionId":"ab7145","hypothesisId":"H4","location":"StartHostWithRelayAsync","message":"StartHost returned true","data":{"relayConnectionType":"wss","useWebSockets":true},"timestamp":1775227087405}
{"sessionId":"ab7145","hypothesisId":"H2","location":"StartHostWithRelayAsync","message":"join code ready","data":{"joinCodeLength":6},"timestamp":1775227087666}
{"sessionId":"ab7145","hypothesisId":"H4","location":"StartHostWithRelayAsync","message":"allocation created","data":{"allocationId":"4958a647-40bd-4f6d-8c2b-d2800a12472b","relayConnectionType":"wss","maxConnections":59},"timestamp":1775228733944}
{"sessionId":"ab7145","hypothesisId":"H5","location":"MapGenerator.EnsureMapGenerated","message":"entry","data":{"isServer":true,"hasGenerated":false},"timestamp":1775228734318}
{"sessionId":"ab7145","hypothesisId":"H5","location":"MapGenerator.EnsureMapGenerated","message":"entry","data":{"isServer":true,"hasGenerated":true},"timestamp":1775228734352}
{"sessionId":"ab7145","hypothesisId":"H3","location":"NetworkGameManager.OnClientConnected","message":"server saw client","data":{"clientId":0,"realtimeSinceStartup":14.54},"timestamp":1775228734373}
{"sessionId":"ab7145","hypothesisId":"H4","location":"StartHostWithRelayAsync","message":"StartHost returned true","data":{"relayConnectionType":"wss","useWebSockets":true},"timestamp":1775228734373}
{"sessionId":"ab7145","hypothesisId":"H2","location":"StartHostWithRelayAsync","message":"join code ready","data":{"joinCodeLength":6},"timestamp":1775228734373}
{"sessionId":"ab7145","hypothesisId":"H4","location":"StartHostWithRelayAsync","message":"allocation created","data":{"allocationId":"537dacc8-ab37-4d08-b3a0-4791ea261682","relayConnectionType":"wss","maxConnections":59},"timestamp":1775229574664}
{"sessionId":"ab7145","hypothesisId":"H5","location":"MapGenerator.EnsureMapGenerated","message":"entry","data":{"isServer":true,"hasGenerated":false},"timestamp":1775229574955}
{"sessionId":"ab7145","hypothesisId":"H5","location":"MapGenerator.EnsureMapGenerated","message":"entry","data":{"isServer":true,"hasGenerated":true},"timestamp":1775229574984}
{"sessionId":"ab7145","hypothesisId":"H3","location":"NetworkGameManager.OnClientConnected","message":"server saw client","data":{"clientId":0,"realtimeSinceStartup":16.49},"timestamp":1775229574999}
{"sessionId":"ab7145","hypothesisId":"H4","location":"StartHostWithRelayAsync","message":"StartHost returned true","data":{"relayConnectionType":"wss","useWebSockets":true},"timestamp":1775229575000}
{"sessionId":"ab7145","hypothesisId":"H2","location":"StartHostWithRelayAsync","message":"join code ready","data":{"joinCodeLength":6},"timestamp":1775229575000}
{"sessionId":"ab7145","hypothesisId":"H4","location":"StartHostWithRelayAsync","message":"allocation created","data":{"allocationId":"d4fe5480-6aaa-4c6b-bad9-97d3ffe54140","relayConnectionType":"wss","maxConnections":59},"timestamp":1775231252011}
{"sessionId":"ab7145","hypothesisId":"H5","location":"MapGenerator.EnsureMapGenerated","message":"entry","data":{"isServer":true,"hasGenerated":false},"timestamp":1775231252592}
{"sessionId":"ab7145","hypothesisId":"H5","location":"MapGenerator.EnsureMapGenerated","message":"entry","data":{"isServer":true,"hasGenerated":true},"timestamp":1775231252639}
{"sessionId":"ab7145","hypothesisId":"H3","location":"NetworkGameManager.OnClientConnected","message":"server saw client","data":{"clientId":0,"realtimeSinceStartup":56.89},"timestamp":1775231252671}
{"sessionId":"ab7145","hypothesisId":"H4","location":"StartHostWithRelayAsync","message":"StartHost returned true","data":{"relayConnectionType":"wss","useWebSockets":true},"timestamp":1775231252671}
{"sessionId":"ab7145","hypothesisId":"H2","location":"StartHostWithRelayAsync","message":"join code ready","data":{"joinCodeLength":6},"timestamp":1775231252672}
{"sessionId":"ab7145","hypothesisId":"H2","location":"PlayWebGLJoinByLobbyIdAsync","message":"after JoinLobbyById","data":{"hasLobbyData":true,"hasRelayKey":true},"timestamp":1775231374441}
{"sessionId":"ab7145","hypothesisId":"H4","location":"PlayWebGLJoinByLobbyIdAsync","message":"JoinAllocation ok","data":{"allocationId":"9b43e7ba-5320-49b2-b5f0-e5413a39f339","relayConnectionType":"wss"},"timestamp":1775231374583}
{"sessionId":"ab7145","hypothesisId":"H3","location":"PlayWebGLJoinByLobbyIdAsync","message":"StartClient","data":{"started":true,"useWebSockets":true},"timestamp":1775231374747}
{"sessionId":"ab7145","hypothesisId":"H4","location":"StartHostWithRelayAsync","message":"allocation created","data":{"allocationId":"22eb40dc-316b-4e7a-93be-992f66fbbae3","relayConnectionType":"wss","maxConnections":59},"timestamp":1775231581395}
{"sessionId":"ab7145","hypothesisId":"H5","location":"MapGenerator.EnsureMapGenerated","message":"entry","data":{"isServer":true,"hasGenerated":false},"timestamp":1775231581767}
{"sessionId":"ab7145","hypothesisId":"H5","location":"MapGenerator.EnsureMapGenerated","message":"entry","data":{"isServer":true,"hasGenerated":true},"timestamp":1775231581799}
{"sessionId":"ab7145","hypothesisId":"H3","location":"NetworkGameManager.OnClientConnected","message":"server saw client","data":{"clientId":0,"realtimeSinceStartup":13.71},"timestamp":1775231581816}
{"sessionId":"ab7145","hypothesisId":"H4","location":"StartHostWithRelayAsync","message":"StartHost returned true","data":{"relayConnectionType":"wss","useWebSockets":true},"timestamp":1775231581816}
{"sessionId":"ab7145","hypothesisId":"H2","location":"StartHostWithRelayAsync","message":"join code ready","data":{"joinCodeLength":6},"timestamp":1775231581816}
{"sessionId":"ab7145","hypothesisId":"H1","location":"NetworkGameManager.AgentOnTransportFailure","message":"OnTransportFailure","data":{"relayConnectionType":"wss","isHost":true,"isClient":true},"timestamp":1775231881952}
{"sessionId":"ab7145","hypothesisId":"H4","location":"StartHostWithRelayAsync","message":"allocation created","data":{"allocationId":"98ac1f1b-839e-4a0a-9a17-824e1aafc005","relayConnectionType":"wss","maxConnections":59},"timestamp":1775232517098}
{"sessionId":"ab7145","hypothesisId":"H5","location":"MapGenerator.EnsureMapGenerated","message":"entry","data":{"isServer":true,"hasGenerated":false},"timestamp":1775232517453}
{"sessionId":"ab7145","hypothesisId":"H5","location":"MapGenerator.EnsureMapGenerated","message":"entry","data":{"isServer":true,"hasGenerated":true},"timestamp":1775232517487}
{"sessionId":"ab7145","hypothesisId":"H3","location":"NetworkGameManager.OnClientConnected","message":"server saw client","data":{"clientId":0,"realtimeSinceStartup":20.85},"timestamp":1775232517507}
{"sessionId":"ab7145","hypothesisId":"H4","location":"StartHostWithRelayAsync","message":"StartHost returned true","data":{"relayConnectionType":"wss","useWebSockets":true},"timestamp":1775232517507}
{"sessionId":"ab7145","hypothesisId":"H2","location":"StartHostWithRelayAsync","message":"join code ready","data":{"joinCodeLength":6},"timestamp":1775232517508}
{"sessionId":"ab7145","hypothesisId":"H4","location":"StartHostWithRelayAsync","message":"allocation created","data":{"allocationId":"65e78023-f20d-452f-a195-a621f9017a93","relayConnectionType":"wss","maxConnections":59},"timestamp":1775235796765}
{"sessionId":"ab7145","hypothesisId":"H5","location":"MapGenerator.EnsureMapGenerated","message":"entry","data":{"isServer":true,"hasGenerated":false},"timestamp":1775235797164}
{"sessionId":"ab7145","hypothesisId":"H5","location":"MapGenerator.EnsureMapGenerated","message":"entry","data":{"isServer":true,"hasGenerated":true},"timestamp":1775235797196}
{"sessionId":"ab7145","hypothesisId":"H3","location":"NetworkGameManager.OnClientConnected","message":"server saw client","data":{"clientId":0,"realtimeSinceStartup":11.64},"timestamp":1775235797215}
{"sessionId":"ab7145","hypothesisId":"H4","location":"StartHostWithRelayAsync","message":"StartHost returned true","data":{"relayConnectionType":"wss","useWebSockets":true},"timestamp":1775235797215}
{"sessionId":"ab7145","hypothesisId":"H2","location":"StartHostWithRelayAsync","message":"join code ready","data":{"joinCodeLength":6},"timestamp":1775235797216}
{"sessionId":"ab7145","hypothesisId":"H2","location":"PlayWebGLJoinByLobbyIdAsync","message":"after JoinLobbyById","data":{"hasLobbyData":true,"hasRelayKey":true},"timestamp":1775236638766}
{"sessionId":"ab7145","hypothesisId":"H4","location":"PlayWebGLJoinByLobbyIdAsync","message":"JoinAllocation ok","data":{"allocationId":"8a39bbd4-f3db-4cb7-910f-a0344fd56dd0","relayConnectionType":"wss"},"timestamp":1775236638915}
{"sessionId":"ab7145","hypothesisId":"H3","location":"PlayWebGLJoinByLobbyIdAsync","message":"StartClient","data":{"started":true,"useWebSockets":true},"timestamp":1775236639223}
{"sessionId":"ab7145","hypothesisId":"H4","location":"StartHostWithRelayAsync","message":"allocation created","data":{"allocationId":"3caf40f0-fdd7-473e-869f-399e777b97d4","relayConnectionType":"wss","maxConnections":59},"timestamp":1775317287715}
{"sessionId":"ab7145","hypothesisId":"H5","location":"MapGenerator.EnsureMapGenerated","message":"entry","data":{"isServer":true,"hasGenerated":false},"timestamp":1775317290022}
{"sessionId":"ab7145","hypothesisId":"H5","location":"MapGenerator.EnsureMapGenerated","message":"entry","data":{"isServer":true,"hasGenerated":true},"timestamp":1775317290049}
{"sessionId":"ab7145","hypothesisId":"H3","location":"NetworkGameManager.OnClientConnected","message":"server saw client","data":{"clientId":0,"realtimeSinceStartup":39.76},"timestamp":1775317290093}
{"sessionId":"ab7145","hypothesisId":"H4","location":"StartHostWithRelayAsync","message":"StartHost returned true","data":{"relayConnectionType":"wss","useWebSockets":true},"timestamp":1775317290094}
{"sessionId":"ab7145","hypothesisId":"H2","location":"StartHostWithRelayAsync","message":"join code ready","data":{"joinCodeLength":6},"timestamp":1775317290094}
{"sessionId":"ab7145","hypothesisId":"H1","location":"NetworkGameManager.AgentOnTransportFailure","message":"OnTransportFailure","data":{"relayConnectionType":"wss","isHost":true,"isClient":true},"timestamp":1775317309955}
{"sessionId":"ab7145","hypothesisId":"H4","location":"StartHostWithRelayAsync","message":"allocation created","data":{"allocationId":"cd68cc55-7020-4e10-b618-2fd9d8aafb71","relayConnectionType":"wss","maxConnections":59},"timestamp":1775317382174}
{"sessionId":"ab7145","hypothesisId":"H5","location":"MapGenerator.EnsureMapGenerated","message":"entry","data":{"isServer":true,"hasGenerated":false},"timestamp":1775317382418}
{"sessionId":"ab7145","hypothesisId":"H5","location":"MapGenerator.EnsureMapGenerated","message":"entry","data":{"isServer":true,"hasGenerated":true},"timestamp":1775317382446}
{"sessionId":"ab7145","hypothesisId":"H3","location":"NetworkGameManager.OnClientConnected","message":"server saw client","data":{"clientId":0,"realtimeSinceStartup":9.79},"timestamp":1775317382461}
{"sessionId":"ab7145","hypothesisId":"H4","location":"StartHostWithRelayAsync","message":"StartHost returned true","data":{"relayConnectionType":"wss","useWebSockets":true},"timestamp":1775317382461}
{"sessionId":"ab7145","hypothesisId":"H2","location":"StartHostWithRelayAsync","message":"join code ready","data":{"joinCodeLength":6},"timestamp":1775317382461}
{"sessionId":"ab7145","hypothesisId":"H4","location":"StartHostWithRelayAsync","message":"allocation created","data":{"allocationId":"dbd2edfb-4fe6-4a5f-9c1e-83a46373d028","relayConnectionType":"wss","maxConnections":59},"timestamp":1775317767184}
{"sessionId":"ab7145","hypothesisId":"H5","location":"MapGenerator.EnsureMapGenerated","message":"entry","data":{"isServer":true,"hasGenerated":false},"timestamp":1775317767541}
{"sessionId":"ab7145","hypothesisId":"H5","location":"MapGenerator.EnsureMapGenerated","message":"entry","data":{"isServer":true,"hasGenerated":true},"timestamp":1775317767569}
{"sessionId":"ab7145","hypothesisId":"H3","location":"NetworkGameManager.OnClientConnected","message":"server saw client","data":{"clientId":0,"realtimeSinceStartup":92.88},"timestamp":1775317767584}
{"sessionId":"ab7145","hypothesisId":"H4","location":"StartHostWithRelayAsync","message":"StartHost returned true","data":{"relayConnectionType":"wss","useWebSockets":true},"timestamp":1775317767585}
{"sessionId":"ab7145","hypothesisId":"H2","location":"StartHostWithRelayAsync","message":"join code ready","data":{"joinCodeLength":6},"timestamp":1775317767585}
{"sessionId":"ab7145","hypothesisId":"H4","location":"StartHostWithRelayAsync","message":"allocation created","data":{"allocationId":"def8e6f8-daff-42de-ab51-a97cd8594ddc","relayConnectionType":"wss","maxConnections":59},"timestamp":1775318945969}
{"sessionId":"ab7145","hypothesisId":"H5","location":"MapGenerator.EnsureMapGenerated","message":"entry","data":{"isServer":true,"hasGenerated":false},"timestamp":1775318946325}
{"sessionId":"ab7145","hypothesisId":"H5","location":"MapGenerator.EnsureMapGenerated","message":"entry","data":{"isServer":true,"hasGenerated":true},"timestamp":1775318946360}
{"sessionId":"ab7145","hypothesisId":"H3","location":"NetworkGameManager.OnClientConnected","message":"server saw client","data":{"clientId":0,"realtimeSinceStartup":41.37},"timestamp":1775318946378}
{"sessionId":"ab7145","hypothesisId":"H4","location":"StartHostWithRelayAsync","message":"StartHost returned true","data":{"relayConnectionType":"wss","useWebSockets":true},"timestamp":1775318946379}
{"sessionId":"ab7145","hypothesisId":"H2","location":"StartHostWithRelayAsync","message":"join code ready","data":{"joinCodeLength":6},"timestamp":1775318946379}
{"sessionId":"ab7145","hypothesisId":"H2","location":"PlayWebGLJoinByLobbyIdAsync","message":"after JoinLobbyById","data":{"hasLobbyData":true,"hasRelayKey":true},"timestamp":1775319166683}
{"sessionId":"ab7145","hypothesisId":"H4","location":"PlayWebGLJoinByLobbyIdAsync","message":"JoinAllocation ok","data":{"allocationId":"94067e25-dbd9-4c3a-8bf6-83ba4a1ded6c","relayConnectionType":"wss"},"timestamp":1775319166822}
{"sessionId":"ab7145","hypothesisId":"H3","location":"PlayWebGLJoinByLobbyIdAsync","message":"StartClient","data":{"started":true,"useWebSockets":true},"timestamp":1775319166978}
{"sessionId":"ab7145","hypothesisId":"H2","location":"PlayWebGLJoinByLobbyIdAsync","message":"after JoinLobbyById","data":{"hasLobbyData":true,"hasRelayKey":true},"timestamp":1775321005868}
{"sessionId":"ab7145","hypothesisId":"H4","location":"PlayWebGLJoinByLobbyIdAsync","message":"JoinAllocation ok","data":{"allocationId":"c347955e-6feb-4387-9355-0d53688e903b","relayConnectionType":"wss"},"timestamp":1775321006109}
{"sessionId":"ab7145","hypothesisId":"H3","location":"PlayWebGLJoinByLobbyIdAsync","message":"StartClient","data":{"started":true,"useWebSockets":true},"timestamp":1775321006367}
{"sessionId":"ab7145","hypothesisId":"H2","location":"PlayWebGLJoinByLobbyIdAsync","message":"after JoinLobbyById","data":{"hasLobbyData":true,"hasRelayKey":true},"timestamp":1775321518159}
{"sessionId":"ab7145","hypothesisId":"H4","location":"PlayWebGLJoinByLobbyIdAsync","message":"JoinAllocation ok","data":{"allocationId":"b3afcb14-5a96-4e6c-9b16-6f0344fbdb4b","relayConnectionType":"wss"},"timestamp":1775321518355}
{"sessionId":"ab7145","hypothesisId":"H3","location":"PlayWebGLJoinByLobbyIdAsync","message":"StartClient","data":{"started":true,"useWebSockets":true},"timestamp":1775321518543}
{"sessionId":"ab7145","hypothesisId":"H2","location":"PlayWebGLJoinByLobbyIdAsync","message":"after JoinLobbyById","data":{"hasLobbyData":true,"hasRelayKey":true},"timestamp":1775325182103}
{"sessionId":"ab7145","hypothesisId":"H4","location":"PlayWebGLJoinByLobbyIdAsync","message":"JoinAllocation ok","data":{"allocationId":"20155e50-2b6c-4eb2-9e65-99301f17395d","relayConnectionType":"wss"},"timestamp":1775325182268}
{"sessionId":"ab7145","hypothesisId":"H3","location":"PlayWebGLJoinByLobbyIdAsync","message":"StartClient","data":{"started":true,"useWebSockets":true},"timestamp":1775325182567}
{"sessionId":"ab7145","hypothesisId":"H4","location":"StartHostWithRelayAsync","message":"allocation created","data":{"allocationId":"7ab899fc-aa06-407c-ae4d-1fd499397102","relayConnectionType":"wss","maxConnections":59},"timestamp":1775340111755}
{"sessionId":"ab7145","hypothesisId":"H5","location":"MapGenerator.EnsureMapGenerated","message":"entry","data":{"isServer":true,"hasGenerated":false},"timestamp":1775340112224}
{"sessionId":"ab7145","hypothesisId":"H5","location":"MapGenerator.EnsureMapGenerated","message":"entry","data":{"isServer":true,"hasGenerated":true},"timestamp":1775340112267}
{"sessionId":"ab7145","hypothesisId":"H3","location":"NetworkGameManager.OnClientConnected","message":"server saw client","data":{"clientId":0,"realtimeSinceStartup":42.14},"timestamp":1775340112289}
{"sessionId":"ab7145","hypothesisId":"H4","location":"StartHostWithRelayAsync","message":"StartHost returned true","data":{"relayConnectionType":"wss","useWebSockets":true},"timestamp":1775340112290}
{"sessionId":"ab7145","hypothesisId":"H2","location":"StartHostWithRelayAsync","message":"join code ready","data":{"joinCodeLength":6},"timestamp":1775340112290}
{"sessionId":"ab7145","hypothesisId":"H2","location":"PlayWebGLJoinByLobbyIdAsync","message":"after JoinLobbyById","data":{"hasLobbyData":true,"hasRelayKey":true},"timestamp":1775401101292}
{"sessionId":"ab7145","hypothesisId":"H4","location":"PlayWebGLJoinByLobbyIdAsync","message":"JoinAllocation ok","data":{"allocationId":"03e4d035-1434-430f-90e4-995a9592c071","relayConnectionType":"wss"},"timestamp":1775401101475}
{"sessionId":"ab7145","hypothesisId":"H3","location":"PlayWebGLJoinByLobbyIdAsync","message":"StartClient","data":{"started":true,"useWebSockets":true},"timestamp":1775401101724}
{"sessionId":"ab7145","hypothesisId":"H2","location":"PlayWebGLJoinByLobbyIdAsync","message":"after JoinLobbyById","data":{"hasLobbyData":true,"hasRelayKey":true},"timestamp":1775401470268}
{"sessionId":"ab7145","hypothesisId":"H4","location":"PlayWebGLJoinByLobbyIdAsync","message":"JoinAllocation ok","data":{"allocationId":"76de34c9-9259-4835-b1d0-b22278ad220d","relayConnectionType":"wss"},"timestamp":1775401470425}
{"sessionId":"ab7145","hypothesisId":"H3","location":"PlayWebGLJoinByLobbyIdAsync","message":"StartClient","data":{"started":true,"useWebSockets":true},"timestamp":1775401470649}
{"sessionId":"ab7145","hypothesisId":"H2","location":"PlayWebGLJoinByLobbyIdAsync","message":"after JoinLobbyById","data":{"hasLobbyData":true,"hasRelayKey":true},"timestamp":1775401773629}
{"sessionId":"ab7145","hypothesisId":"H4","location":"PlayWebGLJoinByLobbyIdAsync","message":"JoinAllocation ok","data":{"allocationId":"dd077fc5-05bb-475f-9ba0-d2784738ee45","relayConnectionType":"wss"},"timestamp":1775401773837}
{"sessionId":"ab7145","hypothesisId":"H3","location":"PlayWebGLJoinByLobbyIdAsync","message":"StartClient","data":{"started":true,"useWebSockets":true},"timestamp":1775401773974}
{"sessionId":"ab7145","hypothesisId":"H2","location":"PlayWebGLJoinByLobbyIdAsync","message":"after JoinLobbyById","data":{"hasLobbyData":true,"hasRelayKey":true},"timestamp":1775402088248}
{"sessionId":"ab7145","hypothesisId":"H4","location":"PlayWebGLJoinByLobbyIdAsync","message":"JoinAllocation ok","data":{"allocationId":"679ffa07-f663-422e-b368-e5926045607f","relayConnectionType":"wss"},"timestamp":1775402088393}
{"sessionId":"ab7145","hypothesisId":"H3","location":"PlayWebGLJoinByLobbyIdAsync","message":"StartClient","data":{"started":true,"useWebSockets":true},"timestamp":1775402088632}
{"sessionId":"ab7145","hypothesisId":"H2","location":"PlayWebGLJoinByLobbyIdAsync","message":"after JoinLobbyById","data":{"hasLobbyData":true,"hasRelayKey":true},"timestamp":1775402475901}
{"sessionId":"ab7145","hypothesisId":"H4","location":"PlayWebGLJoinByLobbyIdAsync","message":"JoinAllocation ok","data":{"allocationId":"fdbd7a3c-dc23-476b-8172-c82979c1a564","relayConnectionType":"wss"},"timestamp":1775402476069}
{"sessionId":"ab7145","hypothesisId":"H3","location":"PlayWebGLJoinByLobbyIdAsync","message":"StartClient","data":{"started":true,"useWebSockets":true},"timestamp":1775402476241}
{"sessionId":"ab7145","hypothesisId":"H2","location":"PlayWebGLJoinByLobbyIdAsync","message":"after JoinLobbyById","data":{"hasLobbyData":true,"hasRelayKey":true},"timestamp":1775403021035}
{"sessionId":"ab7145","hypothesisId":"H4","location":"PlayWebGLJoinByLobbyIdAsync","message":"JoinAllocation ok","data":{"allocationId":"9e368d4d-136a-41c1-b666-2a818af9b241","relayConnectionType":"wss"},"timestamp":1775403021246}
{"sessionId":"ab7145","hypothesisId":"H3","location":"PlayWebGLJoinByLobbyIdAsync","message":"StartClient","data":{"started":true,"useWebSockets":true},"timestamp":1775403021526}
{"sessionId":"ab7145","hypothesisId":"H2","location":"PlayWebGLJoinByLobbyIdAsync","message":"after JoinLobbyById","data":{"hasLobbyData":true,"hasRelayKey":true},"timestamp":1775405803899}
{"sessionId":"ab7145","hypothesisId":"H4","location":"PlayWebGLJoinByLobbyIdAsync","message":"JoinAllocation ok","data":{"allocationId":"6c102325-914b-4258-b1ee-4fef6e19282f","relayConnectionType":"wss"},"timestamp":1775405804054}
{"sessionId":"ab7145","hypothesisId":"H3","location":"PlayWebGLJoinByLobbyIdAsync","message":"StartClient","data":{"started":true,"useWebSockets":true},"timestamp":1775405804295}
{"sessionId":"ab7145","hypothesisId":"H2","location":"PlayWebGLJoinByLobbyIdAsync","message":"after JoinLobbyById","data":{"hasLobbyData":true,"hasRelayKey":true},"timestamp":1775406258984}
{"sessionId":"ab7145","hypothesisId":"H4","location":"PlayWebGLJoinByLobbyIdAsync","message":"JoinAllocation ok","data":{"allocationId":"85fb3650-d0a3-495c-8403-4aa7fb2e3f4d","relayConnectionType":"wss"},"timestamp":1775406259146}
{"sessionId":"ab7145","hypothesisId":"H3","location":"PlayWebGLJoinByLobbyIdAsync","message":"StartClient","data":{"started":true,"useWebSockets":true},"timestamp":1775406259361}
{"sessionId":"ab7145","hypothesisId":"H2","location":"PlayWebGLJoinByLobbyIdAsync","message":"after JoinLobbyById","data":{"hasLobbyData":true,"hasRelayKey":true},"timestamp":1775406602158}
{"sessionId":"ab7145","hypothesisId":"H4","location":"PlayWebGLJoinByLobbyIdAsync","message":"JoinAllocation ok","data":{"allocationId":"75efb5c4-acb2-4ee6-b16a-41e943df6c6f","relayConnectionType":"wss"},"timestamp":1775406602302}
{"sessionId":"ab7145","hypothesisId":"H3","location":"PlayWebGLJoinByLobbyIdAsync","message":"StartClient","data":{"started":true,"useWebSockets":true},"timestamp":1775406602470}
{"sessionId":"ab7145","hypothesisId":"H2","location":"PlayWebGLJoinByLobbyIdAsync","message":"after JoinLobbyById","data":{"hasLobbyData":true,"hasRelayKey":true},"timestamp":1775406844892}
{"sessionId":"ab7145","hypothesisId":"H4","location":"PlayWebGLJoinByLobbyIdAsync","message":"JoinAllocation ok","data":{"allocationId":"20ef4643-f7a7-4484-ad48-ea035df28f4d","relayConnectionType":"wss"},"timestamp":1775406845016}
{"sessionId":"ab7145","hypothesisId":"H3","location":"PlayWebGLJoinByLobbyIdAsync","message":"StartClient","data":{"started":true,"useWebSockets":true},"timestamp":1775406845198}
{"sessionId":"ab7145","hypothesisId":"H5","location":"MapGenerator.EnsureMapGenerated","message":"entry","data":{"isServer":true,"hasGenerated":false},"timestamp":1775406891251}
{"sessionId":"ab7145","hypothesisId":"H5","location":"MapGenerator.EnsureMapGenerated","message":"entry","data":{"isServer":true,"hasGenerated":true},"timestamp":1775406891273}
{"sessionId":"ab7145","hypothesisId":"H3","location":"NetworkGameManager.OnClientConnected","message":"server saw client","data":{"clientId":0,"realtimeSinceStartup":60.88},"timestamp":1775406891286}
{"sessionId":"ab7145","hypothesisId":"H2","location":"PlayWebGLJoinByLobbyIdAsync","message":"after JoinLobbyById","data":{"hasLobbyData":true,"hasRelayKey":true},"timestamp":1775406994614}
{"sessionId":"ab7145","hypothesisId":"H4","location":"PlayWebGLJoinByLobbyIdAsync","message":"JoinAllocation ok","data":{"allocationId":"0d7b292b-7a2d-4c66-9449-91b737da0ba8","relayConnectionType":"wss"},"timestamp":1775406994752}
{"sessionId":"ab7145","hypothesisId":"H3","location":"PlayWebGLJoinByLobbyIdAsync","message":"StartClient","data":{"started":true,"useWebSockets":true},"timestamp":1775406994992}
{"sessionId":"ab7145","hypothesisId":"H5","location":"MapGenerator.EnsureMapGenerated","message":"entry","data":{"isServer":true,"hasGenerated":false},"timestamp":1775407041031}
{"sessionId":"ab7145","hypothesisId":"H5","location":"MapGenerator.EnsureMapGenerated","message":"entry","data":{"isServer":true,"hasGenerated":true},"timestamp":1775407041047}
{"sessionId":"ab7145","hypothesisId":"H3","location":"NetworkGameManager.OnClientConnected","message":"server saw client","data":{"clientId":0,"realtimeSinceStartup":91.09},"timestamp":1775407041054}
{"sessionId":"ab7145","hypothesisId":"H2","location":"PlayWebGLJoinByLobbyIdAsync","message":"after JoinLobbyById","data":{"hasLobbyData":true,"hasRelayKey":true},"timestamp":1775407528776}
{"sessionId":"ab7145","hypothesisId":"H4","location":"PlayWebGLJoinByLobbyIdAsync","message":"JoinAllocation ok","data":{"allocationId":"cb6634de-608a-43be-a525-e1d51f9704c0","relayConnectionType":"wss"},"timestamp":1775407528920}
{"sessionId":"ab7145","hypothesisId":"H3","location":"PlayWebGLJoinByLobbyIdAsync","message":"StartClient","data":{"started":true,"useWebSockets":true},"timestamp":1775407529126}
{"sessionId":"ab7145","hypothesisId":"H2","location":"PlayWebGLJoinByLobbyIdAsync","message":"after JoinLobbyById","data":{"hasLobbyData":true,"hasRelayKey":true},"timestamp":1775408074104}
{"sessionId":"ab7145","hypothesisId":"H4","location":"PlayWebGLJoinByLobbyIdAsync","message":"JoinAllocation ok","data":{"allocationId":"a5815459-b72c-49f5-a785-375d71456b79","relayConnectionType":"wss"},"timestamp":1775408074230}
{"sessionId":"ab7145","hypothesisId":"H3","location":"PlayWebGLJoinByLobbyIdAsync","message":"StartClient","data":{"started":true,"useWebSockets":true},"timestamp":1775408074421}
{"sessionId":"ab7145","hypothesisId":"H2","location":"PlayWebGLJoinByLobbyIdAsync","message":"after JoinLobbyById","data":{"hasLobbyData":true,"hasRelayKey":true},"timestamp":1775410236315}
{"sessionId":"ab7145","hypothesisId":"H4","location":"PlayWebGLJoinByLobbyIdAsync","message":"JoinAllocation ok","data":{"allocationId":"ffa4e0c1-9481-473a-acd7-fcfe3d5d2a6a","relayConnectionType":"wss"},"timestamp":1775410236463}
{"sessionId":"ab7145","hypothesisId":"H3","location":"PlayWebGLJoinByLobbyIdAsync","message":"StartClient","data":{"started":true,"useWebSockets":true},"timestamp":1775410236645}
{"sessionId":"ab7145","hypothesisId":"H2","location":"PlayWebGLJoinByLobbyIdAsync","message":"after JoinLobbyById","data":{"hasLobbyData":true,"hasRelayKey":true},"timestamp":1775410717416}
{"sessionId":"ab7145","hypothesisId":"H4","location":"PlayWebGLJoinByLobbyIdAsync","message":"JoinAllocation ok","data":{"allocationId":"6be496e6-345f-4eae-9995-7153d2b4b497","relayConnectionType":"wss"},"timestamp":1775410717563}
{"sessionId":"ab7145","hypothesisId":"H3","location":"PlayWebGLJoinByLobbyIdAsync","message":"StartClient","data":{"started":true,"useWebSockets":true},"timestamp":1775410717803}
{"sessionId":"ab7145","hypothesisId":"H2","location":"PlayWebGLJoinByLobbyIdAsync","message":"after JoinLobbyById","data":{"hasLobbyData":true,"hasRelayKey":true},"timestamp":1775411076099}
{"sessionId":"ab7145","hypothesisId":"H4","location":"PlayWebGLJoinByLobbyIdAsync","message":"JoinAllocation ok","data":{"allocationId":"3c531261-616a-4f36-abac-70366807d8be","relayConnectionType":"wss"},"timestamp":1775411076259}
{"sessionId":"ab7145","hypothesisId":"H3","location":"PlayWebGLJoinByLobbyIdAsync","message":"StartClient","data":{"started":true,"useWebSockets":true},"timestamp":1775411076437}
{"sessionId":"ab7145","hypothesisId":"H4","location":"StartHostWithRelayAsync","message":"allocation created","data":{"allocationId":"70435ead-c302-42e4-ba0f-425181bf7475","relayConnectionType":"wss","maxConnections":59},"timestamp":1775411184692}
{"sessionId":"ab7145","hypothesisId":"H5","location":"MapGenerator.EnsureMapGenerated","message":"entry","data":{"isServer":true,"hasGenerated":false},"timestamp":1775411185031}
{"sessionId":"ab7145","hypothesisId":"H5","location":"MapGenerator.EnsureMapGenerated","message":"entry","data":{"isServer":true,"hasGenerated":true},"timestamp":1775411185053}
{"sessionId":"ab7145","hypothesisId":"H3","location":"NetworkGameManager.OnClientConnected","message":"server saw client","data":{"clientId":0,"realtimeSinceStartup":17.14},"timestamp":1775411185069}
{"sessionId":"ab7145","hypothesisId":"H4","location":"StartHostWithRelayAsync","message":"StartHost returned true","data":{"relayConnectionType":"wss","useWebSockets":true},"timestamp":1775411185070}
{"sessionId":"ab7145","hypothesisId":"H2","location":"StartHostWithRelayAsync","message":"join code ready","data":{"joinCodeLength":6},"timestamp":1775411185070}
{"sessionId":"ab7145","hypothesisId":"H3","location":"NetworkGameManager.OnClientConnected","message":"server saw client","data":{"clientId":1,"realtimeSinceStartup":37.65},"timestamp":1775411205582}
{"sessionId":"ab7145","hypothesisId":"H4","location":"StartHostWithRelayAsync","message":"allocation created","data":{"allocationId":"4798af60-e4c6-4871-ab1d-9ba746250b9d","relayConnectionType":"wss","maxConnections":59},"timestamp":1775412404647}
{"sessionId":"ab7145","hypothesisId":"H5","location":"MapGenerator.EnsureMapGenerated","message":"entry","data":{"isServer":true,"hasGenerated":false},"timestamp":1775412404978}
{"sessionId":"ab7145","hypothesisId":"H5","location":"MapGenerator.EnsureMapGenerated","message":"entry","data":{"isServer":true,"hasGenerated":true},"timestamp":1775412404999}
{"sessionId":"ab7145","hypothesisId":"H3","location":"NetworkGameManager.OnClientConnected","message":"server saw client","data":{"clientId":0,"realtimeSinceStartup":27.52},"timestamp":1775412405013}
{"sessionId":"ab7145","hypothesisId":"H4","location":"StartHostWithRelayAsync","message":"StartHost returned true","data":{"relayConnectionType":"wss","useWebSockets":true},"timestamp":1775412405013}
{"sessionId":"ab7145","hypothesisId":"H2","location":"StartHostWithRelayAsync","message":"join code ready","data":{"joinCodeLength":6},"timestamp":1775412405013}
{"sessionId":"ab7145","hypothesisId":"H2","location":"PlayWebGLJoinByLobbyIdAsync","message":"after JoinLobbyById","data":{"hasLobbyData":true,"hasRelayKey":true},"timestamp":1775415033367}
{"sessionId":"ab7145","hypothesisId":"H4","location":"PlayWebGLJoinByLobbyIdAsync","message":"JoinAllocation ok","data":{"allocationId":"97837b87-cb71-4252-8fe8-6e8e9f1e213d","relayConnectionType":"wss"},"timestamp":1775415033531}
{"sessionId":"ab7145","hypothesisId":"H3","location":"PlayWebGLJoinByLobbyIdAsync","message":"StartClient","data":{"started":true,"useWebSockets":true},"timestamp":1775415033798}
{"sessionId":"ab7145","hypothesisId":"H4","location":"StartHostWithRelayAsync","message":"allocation created","data":{"allocationId":"ab885518-40fd-4c99-b9e0-05fb35a3abdd","relayConnectionType":"wss","maxConnections":59},"timestamp":1775432881464}
{"sessionId":"ab7145","hypothesisId":"H5","location":"MapGenerator.EnsureMapGenerated","message":"entry","data":{"isServer":true,"hasGenerated":false},"timestamp":1775432881850}
{"sessionId":"ab7145","hypothesisId":"H5","location":"MapGenerator.EnsureMapGenerated","message":"entry","data":{"isServer":true,"hasGenerated":true},"timestamp":1775432881875}
{"sessionId":"ab7145","hypothesisId":"H3","location":"NetworkGameManager.OnClientConnected","message":"server saw client","data":{"clientId":0,"realtimeSinceStartup":43.82},"timestamp":1775432881891}
{"sessionId":"ab7145","hypothesisId":"H4","location":"StartHostWithRelayAsync","message":"StartHost returned true","data":{"relayConnectionType":"wss","useWebSockets":true},"timestamp":1775432881892}
{"sessionId":"ab7145","hypothesisId":"H2","location":"StartHostWithRelayAsync","message":"join code ready","data":{"joinCodeLength":6},"timestamp":1775432881892}
{"sessionId":"ab7145","hypothesisId":"H2","location":"PlayWebGLJoinByLobbyIdAsync","message":"after JoinLobbyById","data":{"hasLobbyData":true,"hasRelayKey":true},"timestamp":1775432909136}
{"sessionId":"ab7145","hypothesisId":"H4","location":"PlayWebGLJoinByLobbyIdAsync","message":"JoinAllocation ok","data":{"allocationId":"12d03e17-8b36-4a13-befb-b84ff82025cf","relayConnectionType":"wss"},"timestamp":1775432909279}
{"sessionId":"ab7145","hypothesisId":"H3","location":"PlayWebGLJoinByLobbyIdAsync","message":"StartClient","data":{"started":true,"useWebSockets":true},"timestamp":1775432909525}
{"sessionId":"ab7145","hypothesisId":"H2","location":"PlayWebGLJoinByLobbyIdAsync","message":"after JoinLobbyById","data":{"hasLobbyData":true,"hasRelayKey":true},"timestamp":1775433933093}
{"sessionId":"ab7145","hypothesisId":"H4","location":"PlayWebGLJoinByLobbyIdAsync","message":"JoinAllocation ok","data":{"allocationId":"ad699e13-e5ed-4486-b79b-371152c8258f","relayConnectionType":"wss"},"timestamp":1775433933242}
{"sessionId":"ab7145","hypothesisId":"H3","location":"PlayWebGLJoinByLobbyIdAsync","message":"StartClient","data":{"started":true,"useWebSockets":true},"timestamp":1775433933428}
{"sessionId":"ab7145","hypothesisId":"H2","location":"PlayWebGLJoinByLobbyIdAsync","message":"after JoinLobbyById","data":{"hasLobbyData":true,"hasRelayKey":true},"timestamp":1775436907382}
{"sessionId":"ab7145","hypothesisId":"H4","location":"PlayWebGLJoinByLobbyIdAsync","message":"JoinAllocation ok","data":{"allocationId":"acf9495f-c8ef-4e20-9a0a-a426de7e20a0","relayConnectionType":"wss"},"timestamp":1775436907545}
{"sessionId":"ab7145","hypothesisId":"H3","location":"PlayWebGLJoinByLobbyIdAsync","message":"StartClient","data":{"started":true,"useWebSockets":true},"timestamp":1775436907756}
{"sessionId":"ab7145","hypothesisId":"H2","location":"PlayWebGLJoinByLobbyIdAsync","message":"after JoinLobbyById","data":{"hasLobbyData":true,"hasRelayKey":true},"timestamp":1775437035788}
{"sessionId":"ab7145","hypothesisId":"H4","location":"PlayWebGLJoinByLobbyIdAsync","message":"JoinAllocation ok","data":{"allocationId":"a91b3b6d-ebbd-4d34-a423-052a102f3bae","relayConnectionType":"wss"},"timestamp":1775437035974}
{"sessionId":"ab7145","hypothesisId":"H3","location":"PlayWebGLJoinByLobbyIdAsync","message":"StartClient","data":{"started":true,"useWebSockets":true},"timestamp":1775437036157}
{"sessionId":"ab7145","hypothesisId":"H4","location":"StartHostWithRelayAsync","message":"allocation created","data":{"allocationId":"b20f9959-5b4d-4961-aa4a-4565bfca4c16","relayConnectionType":"wss","maxConnections":59},"timestamp":1775480835307}
{"sessionId":"ab7145","hypothesisId":"H5","location":"MapGenerator.EnsureMapGenerated","message":"entry","data":{"isServer":true,"hasGenerated":false},"timestamp":1775480835656}
{"sessionId":"ab7145","hypothesisId":"H5","location":"MapGenerator.EnsureMapGenerated","message":"entry","data":{"isServer":true,"hasGenerated":true},"timestamp":1775480835676}
{"sessionId":"ab7145","hypothesisId":"H3","location":"NetworkGameManager.OnClientConnected","message":"server saw client","data":{"clientId":0,"realtimeSinceStartup":12.81},"timestamp":1775480835690}
{"sessionId":"ab7145","hypothesisId":"H4","location":"StartHostWithRelayAsync","message":"StartHost returned true","data":{"relayConnectionType":"wss","useWebSockets":true},"timestamp":1775480835690}
{"sessionId":"ab7145","hypothesisId":"H2","location":"StartHostWithRelayAsync","message":"join code ready","data":{"joinCodeLength":6},"timestamp":1775480835690}
{"sessionId":"ab7145","hypothesisId":"H4","location":"StartHostWithRelayAsync","message":"allocation created","data":{"allocationId":"6967b568-9c0b-40e4-b4a9-a62ef5ef6697","relayConnectionType":"wss","maxConnections":59},"timestamp":1775481559074}
{"sessionId":"ab7145","hypothesisId":"H5","location":"MapGenerator.EnsureMapGenerated","message":"entry","data":{"isServer":true,"hasGenerated":false},"timestamp":1775481559464}
{"sessionId":"ab7145","hypothesisId":"H5","location":"MapGenerator.EnsureMapGenerated","message":"entry","data":{"isServer":true,"hasGenerated":true},"timestamp":1775481559483}
{"sessionId":"ab7145","hypothesisId":"H3","location":"NetworkGameManager.OnClientConnected","message":"server saw client","data":{"clientId":0,"realtimeSinceStartup":13.99},"timestamp":1775481559495}
{"sessionId":"ab7145","hypothesisId":"H4","location":"StartHostWithRelayAsync","message":"StartHost returned true","data":{"relayConnectionType":"wss","useWebSockets":true},"timestamp":1775481559496}
{"sessionId":"ab7145","hypothesisId":"H2","location":"StartHostWithRelayAsync","message":"join code ready","data":{"joinCodeLength":6},"timestamp":1775481559496}
{"sessionId":"ab7145","hypothesisId":"H4","location":"StartHostWithRelayAsync","message":"allocation created","data":{"allocationId":"f7543349-5b19-474a-a245-4d43cf18cacd","relayConnectionType":"wss","maxConnections":59},"timestamp":1775481923777}
{"sessionId":"ab7145","hypothesisId":"H5","location":"MapGenerator.EnsureMapGenerated","message":"entry","data":{"isServer":true,"hasGenerated":false},"timestamp":1775481924091}
{"sessionId":"ab7145","hypothesisId":"H5","location":"MapGenerator.EnsureMapGenerated","message":"entry","data":{"isServer":true,"hasGenerated":true},"timestamp":1775481924111}
{"sessionId":"ab7145","hypothesisId":"H3","location":"NetworkGameManager.OnClientConnected","message":"server saw client","data":{"clientId":0,"realtimeSinceStartup":11.39},"timestamp":1775481924124}
{"sessionId":"ab7145","hypothesisId":"H4","location":"StartHostWithRelayAsync","message":"StartHost returned true","data":{"relayConnectionType":"wss","useWebSockets":true},"timestamp":1775481924124}
{"sessionId":"ab7145","hypothesisId":"H2","location":"StartHostWithRelayAsync","message":"join code ready","data":{"joinCodeLength":6},"timestamp":1775481924124}
{"sessionId":"ab7145","hypothesisId":"H4","location":"StartHostWithRelayAsync","message":"allocation created","data":{"allocationId":"76abdca5-7b81-44c2-98dc-399d3cf1e579","relayConnectionType":"wss","maxConnections":59},"timestamp":1775482512979}
{"sessionId":"ab7145","hypothesisId":"H5","location":"MapGenerator.EnsureMapGenerated","message":"entry","data":{"isServer":true,"hasGenerated":false},"timestamp":1775482513298}
{"sessionId":"ab7145","hypothesisId":"H5","location":"MapGenerator.EnsureMapGenerated","message":"entry","data":{"isServer":true,"hasGenerated":true},"timestamp":1775482513318}
{"sessionId":"ab7145","hypothesisId":"H3","location":"NetworkGameManager.OnClientConnected","message":"server saw client","data":{"clientId":0,"realtimeSinceStartup":20.31},"timestamp":1775482513331}
{"sessionId":"ab7145","hypothesisId":"H4","location":"StartHostWithRelayAsync","message":"StartHost returned true","data":{"relayConnectionType":"wss","useWebSockets":true},"timestamp":1775482513332}
{"sessionId":"ab7145","hypothesisId":"H2","location":"StartHostWithRelayAsync","message":"join code ready","data":{"joinCodeLength":6},"timestamp":1775482513332}
{"sessionId":"ab7145","hypothesisId":"H4","location":"StartHostWithRelayAsync","message":"allocation created","data":{"allocationId":"571bc980-731c-426c-b875-4969af4cd2b1","relayConnectionType":"wss","maxConnections":59},"timestamp":1775482715873}
{"sessionId":"ab7145","hypothesisId":"H5","location":"MapGenerator.EnsureMapGenerated","message":"entry","data":{"isServer":true,"hasGenerated":false},"timestamp":1775482716211}
{"sessionId":"ab7145","hypothesisId":"H5","location":"MapGenerator.EnsureMapGenerated","message":"entry","data":{"isServer":true,"hasGenerated":true},"timestamp":1775482716234}
{"sessionId":"ab7145","hypothesisId":"H3","location":"NetworkGameManager.OnClientConnected","message":"server saw client","data":{"clientId":0,"realtimeSinceStartup":9.78},"timestamp":1775482716248}
{"sessionId":"ab7145","hypothesisId":"H4","location":"StartHostWithRelayAsync","message":"StartHost returned true","data":{"relayConnectionType":"wss","useWebSockets":true},"timestamp":1775482716249}
{"sessionId":"ab7145","hypothesisId":"H2","location":"StartHostWithRelayAsync","message":"join code ready","data":{"joinCodeLength":6},"timestamp":1775482716249}
{"sessionId":"ab7145","hypothesisId":"H4","location":"StartHostWithRelayAsync","message":"allocation created","data":{"allocationId":"e3454234-89a4-4c44-b31b-5895147dd3eb","relayConnectionType":"wss","maxConnections":59},"timestamp":1775482965915}
{"sessionId":"ab7145","hypothesisId":"H5","location":"MapGenerator.EnsureMapGenerated","message":"entry","data":{"isServer":true,"hasGenerated":false},"timestamp":1775482966368}
{"sessionId":"ab7145","hypothesisId":"H5","location":"MapGenerator.EnsureMapGenerated","message":"entry","data":{"isServer":true,"hasGenerated":true},"timestamp":1775482966401}
{"sessionId":"ab7145","hypothesisId":"H3","location":"NetworkGameManager.OnClientConnected","message":"server saw client","data":{"clientId":0,"realtimeSinceStartup":9.70},"timestamp":1775482966423}
{"sessionId":"ab7145","hypothesisId":"H4","location":"StartHostWithRelayAsync","message":"StartHost returned true","data":{"relayConnectionType":"wss","useWebSockets":true},"timestamp":1775482966424}
{"sessionId":"ab7145","hypothesisId":"H2","location":"StartHostWithRelayAsync","message":"join code ready","data":{"joinCodeLength":6},"timestamp":1775482966425}
{"sessionId":"ab7145","hypothesisId":"H4","location":"StartHostWithRelayAsync","message":"allocation created","data":{"allocationId":"959f06a2-d6ec-40fe-abb6-c8fd562e7763","relayConnectionType":"wss","maxConnections":59},"timestamp":1775483113743}
{"sessionId":"ab7145","hypothesisId":"H5","location":"MapGenerator.EnsureMapGenerated","message":"entry","data":{"isServer":true,"hasGenerated":false},"timestamp":1775483114120}
{"sessionId":"ab7145","hypothesisId":"H5","location":"MapGenerator.EnsureMapGenerated","message":"entry","data":{"isServer":true,"hasGenerated":true},"timestamp":1775483114145}
{"sessionId":"ab7145","hypothesisId":"H3","location":"NetworkGameManager.OnClientConnected","message":"server saw client","data":{"clientId":0,"realtimeSinceStartup":10.02},"timestamp":1775483114161}
{"sessionId":"ab7145","hypothesisId":"H4","location":"StartHostWithRelayAsync","message":"StartHost returned true","data":{"relayConnectionType":"wss","useWebSockets":true},"timestamp":1775483114162}
{"sessionId":"ab7145","hypothesisId":"H2","location":"StartHostWithRelayAsync","message":"join code ready","data":{"joinCodeLength":6},"timestamp":1775483114162}
{"sessionId":"ab7145","hypothesisId":"H4","location":"StartHostWithRelayAsync","message":"allocation created","data":{"allocationId":"727ebea1-e1e5-42e0-b7aa-c80a54d49b28","relayConnectionType":"wss","maxConnections":59},"timestamp":1775483416105}
{"sessionId":"ab7145","hypothesisId":"H5","location":"MapGenerator.EnsureMapGenerated","message":"entry","data":{"isServer":true,"hasGenerated":false},"timestamp":1775483416463}
{"sessionId":"ab7145","hypothesisId":"H5","location":"MapGenerator.EnsureMapGenerated","message":"entry","data":{"isServer":true,"hasGenerated":true},"timestamp":1775483416488}
{"sessionId":"ab7145","hypothesisId":"H3","location":"NetworkGameManager.OnClientConnected","message":"server saw client","data":{"clientId":0,"realtimeSinceStartup":20.00},"timestamp":1775483416502}
{"sessionId":"ab7145","hypothesisId":"H4","location":"StartHostWithRelayAsync","message":"StartHost returned true","data":{"relayConnectionType":"wss","useWebSockets":true},"timestamp":1775483416503}
{"sessionId":"ab7145","hypothesisId":"H2","location":"StartHostWithRelayAsync","message":"join code ready","data":{"joinCodeLength":6},"timestamp":1775483416503}
{"sessionId":"ab7145","hypothesisId":"H4","location":"StartHostWithRelayAsync","message":"allocation created","data":{"allocationId":"5efae6d4-fe0b-452f-b362-4c1333e18e2e","relayConnectionType":"wss","maxConnections":59},"timestamp":1775483556323}
{"sessionId":"ab7145","hypothesisId":"H5","location":"MapGenerator.EnsureMapGenerated","message":"entry","data":{"isServer":true,"hasGenerated":false},"timestamp":1775483556661}
{"sessionId":"ab7145","hypothesisId":"H5","location":"MapGenerator.EnsureMapGenerated","message":"entry","data":{"isServer":true,"hasGenerated":true},"timestamp":1775483556691}
{"sessionId":"ab7145","hypothesisId":"H3","location":"NetworkGameManager.OnClientConnected","message":"server saw client","data":{"clientId":0,"realtimeSinceStartup":17.54},"timestamp":1775483556709}
{"sessionId":"ab7145","hypothesisId":"H4","location":"StartHostWithRelayAsync","message":"StartHost returned true","data":{"relayConnectionType":"wss","useWebSockets":true},"timestamp":1775483556710}
{"sessionId":"ab7145","hypothesisId":"H2","location":"StartHostWithRelayAsync","message":"join code ready","data":{"joinCodeLength":6},"timestamp":1775483556710}
{"sessionId":"ab7145","hypothesisId":"H4","location":"StartHostWithRelayAsync","message":"allocation created","data":{"allocationId":"7d1e4ce9-5a9a-48a4-8218-fe681af6b577","relayConnectionType":"wss","maxConnections":59},"timestamp":1775484106798}
{"sessionId":"ab7145","hypothesisId":"H5","location":"MapGenerator.EnsureMapGenerated","message":"entry","data":{"isServer":true,"hasGenerated":false},"timestamp":1775484107181}
{"sessionId":"ab7145","hypothesisId":"H5","location":"MapGenerator.EnsureMapGenerated","message":"entry","data":{"isServer":true,"hasGenerated":true},"timestamp":1775484107206}
{"sessionId":"ab7145","hypothesisId":"H3","location":"NetworkGameManager.OnClientConnected","message":"server saw client","data":{"clientId":0,"realtimeSinceStartup":13.90},"timestamp":1775484107221}
{"sessionId":"ab7145","hypothesisId":"H4","location":"StartHostWithRelayAsync","message":"StartHost returned true","data":{"relayConnectionType":"wss","useWebSockets":true},"timestamp":1775484107222}
{"sessionId":"ab7145","hypothesisId":"H2","location":"StartHostWithRelayAsync","message":"join code ready","data":{"joinCodeLength":6},"timestamp":1775484107223}
{"sessionId":"ab7145","hypothesisId":"H4","location":"StartHostWithRelayAsync","message":"allocation created","data":{"allocationId":"1a0f2da4-5bf6-4c89-b8e8-9ad7dcd35e1e","relayConnectionType":"wss","maxConnections":59},"timestamp":1775484581951}
{"sessionId":"ab7145","hypothesisId":"H5","location":"MapGenerator.EnsureMapGenerated","message":"entry","data":{"isServer":true,"hasGenerated":false},"timestamp":1775484582331}
{"sessionId":"ab7145","hypothesisId":"H5","location":"MapGenerator.EnsureMapGenerated","message":"entry","data":{"isServer":true,"hasGenerated":true},"timestamp":1775484582360}
{"sessionId":"ab7145","hypothesisId":"H3","location":"NetworkGameManager.OnClientConnected","message":"server saw client","data":{"clientId":0,"realtimeSinceStartup":9.55},"timestamp":1775484582378}
{"sessionId":"ab7145","hypothesisId":"H4","location":"StartHostWithRelayAsync","message":"StartHost returned true","data":{"relayConnectionType":"wss","useWebSockets":true},"timestamp":1775484582378}
{"sessionId":"ab7145","hypothesisId":"H2","location":"StartHostWithRelayAsync","message":"join code ready","data":{"joinCodeLength":6},"timestamp":1775484582379}
{"sessionId":"ab7145","hypothesisId":"H4","location":"StartHostWithRelayAsync","message":"allocation created","data":{"allocationId":"0ffbb818-fc2b-47fd-bb26-0764179525db","relayConnectionType":"wss","maxConnections":59},"timestamp":1775484630208}
{"sessionId":"ab7145","hypothesisId":"H5","location":"MapGenerator.EnsureMapGenerated","message":"entry","data":{"isServer":true,"hasGenerated":false},"timestamp":1775484630494}
{"sessionId":"ab7145","hypothesisId":"H5","location":"MapGenerator.EnsureMapGenerated","message":"entry","data":{"isServer":true,"hasGenerated":true},"timestamp":1775484630514}
{"sessionId":"ab7145","hypothesisId":"H3","location":"NetworkGameManager.OnClientConnected","message":"server saw client","data":{"clientId":0,"realtimeSinceStartup":12.81},"timestamp":1775484630527}
{"sessionId":"ab7145","hypothesisId":"H4","location":"StartHostWithRelayAsync","message":"StartHost returned true","data":{"relayConnectionType":"wss","useWebSockets":true},"timestamp":1775484630528}
{"sessionId":"ab7145","hypothesisId":"H2","location":"StartHostWithRelayAsync","message":"join code ready","data":{"joinCodeLength":6},"timestamp":1775484630528}
{"sessionId":"ab7145","hypothesisId":"H4","location":"StartHostWithRelayAsync","message":"allocation created","data":{"allocationId":"2da2acc4-bae7-4a0d-b811-d3ff5a082291","relayConnectionType":"wss","maxConnections":59},"timestamp":1775484669011}
{"sessionId":"ab7145","hypothesisId":"H5","location":"MapGenerator.EnsureMapGenerated","message":"entry","data":{"isServer":true,"hasGenerated":false},"timestamp":1775484669376}
{"sessionId":"ab7145","hypothesisId":"H5","location":"MapGenerator.EnsureMapGenerated","message":"entry","data":{"isServer":true,"hasGenerated":true},"timestamp":1775484669412}
{"sessionId":"ab7145","hypothesisId":"H3","location":"NetworkGameManager.OnClientConnected","message":"server saw client","data":{"clientId":0,"realtimeSinceStartup":9.83},"timestamp":1775484669430}
{"sessionId":"ab7145","hypothesisId":"H4","location":"StartHostWithRelayAsync","message":"StartHost returned true","data":{"relayConnectionType":"wss","useWebSockets":true},"timestamp":1775484669430}
{"sessionId":"ab7145","hypothesisId":"H2","location":"StartHostWithRelayAsync","message":"join code ready","data":{"joinCodeLength":6},"timestamp":1775484669431}
{"sessionId":"ab7145","hypothesisId":"H4","location":"StartHostWithRelayAsync","message":"allocation created","data":{"allocationId":"c4eb6f4e-1c5e-40b6-ad09-c8d4c27ead9c","relayConnectionType":"wss","maxConnections":59},"timestamp":1775484709973}
{"sessionId":"ab7145","hypothesisId":"H5","location":"MapGenerator.EnsureMapGenerated","message":"entry","data":{"isServer":true,"hasGenerated":false},"timestamp":1775484710329}
{"sessionId":"ab7145","hypothesisId":"H5","location":"MapGenerator.EnsureMapGenerated","message":"entry","data":{"isServer":true,"hasGenerated":true},"timestamp":1775484710358}
{"sessionId":"ab7145","hypothesisId":"H3","location":"NetworkGameManager.OnClientConnected","message":"server saw client","data":{"clientId":0,"realtimeSinceStartup":10.46},"timestamp":1775484710378}
{"sessionId":"ab7145","hypothesisId":"H4","location":"StartHostWithRelayAsync","message":"StartHost returned true","data":{"relayConnectionType":"wss","useWebSockets":true},"timestamp":1775484710378}
{"sessionId":"ab7145","hypothesisId":"H2","location":"StartHostWithRelayAsync","message":"join code ready","data":{"joinCodeLength":6},"timestamp":1775484710379}
{"sessionId":"ab7145","hypothesisId":"H4","location":"StartHostWithRelayAsync","message":"allocation created","data":{"allocationId":"17fd268d-0855-4561-bf30-e02df13e40c3","relayConnectionType":"wss","maxConnections":59},"timestamp":1775484897936}
{"sessionId":"ab7145","hypothesisId":"H5","location":"MapGenerator.EnsureMapGenerated","message":"entry","data":{"isServer":true,"hasGenerated":false},"timestamp":1775484898301}
{"sessionId":"ab7145","hypothesisId":"H5","location":"MapGenerator.EnsureMapGenerated","message":"entry","data":{"isServer":true,"hasGenerated":true},"timestamp":1775484898324}
{"sessionId":"ab7145","hypothesisId":"H3","location":"NetworkGameManager.OnClientConnected","message":"server saw client","data":{"clientId":0,"realtimeSinceStartup":10.22},"timestamp":1775484898337}
{"sessionId":"ab7145","hypothesisId":"H4","location":"StartHostWithRelayAsync","message":"StartHost returned true","data":{"relayConnectionType":"wss","useWebSockets":true},"timestamp":1775484898338}
{"sessionId":"ab7145","hypothesisId":"H2","location":"StartHostWithRelayAsync","message":"join code ready","data":{"joinCodeLength":6},"timestamp":1775484898338}
{"sessionId":"ab7145","hypothesisId":"H4","location":"StartHostWithRelayAsync","message":"allocation created","data":{"allocationId":"29c60cbd-c768-4f9e-886c-5ff8f0e06712","relayConnectionType":"wss","maxConnections":59},"timestamp":1775485018350}
{"sessionId":"ab7145","hypothesisId":"H5","location":"MapGenerator.EnsureMapGenerated","message":"entry","data":{"isServer":true,"hasGenerated":false},"timestamp":1775485018633}
{"sessionId":"ab7145","hypothesisId":"H5","location":"MapGenerator.EnsureMapGenerated","message":"entry","data":{"isServer":true,"hasGenerated":true},"timestamp":1775485018657}
{"sessionId":"ab7145","hypothesisId":"H3","location":"NetworkGameManager.OnClientConnected","message":"server saw client","data":{"clientId":0,"realtimeSinceStartup":21.49},"timestamp":1775485018670}
{"sessionId":"ab7145","hypothesisId":"H4","location":"StartHostWithRelayAsync","message":"StartHost returned true","data":{"relayConnectionType":"wss","useWebSockets":true},"timestamp":1775485018671}
{"sessionId":"ab7145","hypothesisId":"H2","location":"StartHostWithRelayAsync","message":"join code ready","data":{"joinCodeLength":6},"timestamp":1775485018671}
{"sessionId":"ab7145","hypothesisId":"H4","location":"StartHostWithRelayAsync","message":"allocation created","data":{"allocationId":"d82f2dbd-e466-48e1-bca4-55ae9d4a42bc","relayConnectionType":"wss","maxConnections":59},"timestamp":1775485368113}
{"sessionId":"ab7145","hypothesisId":"H5","location":"MapGenerator.EnsureMapGenerated","message":"entry","data":{"isServer":true,"hasGenerated":false},"timestamp":1775485368542}
{"sessionId":"ab7145","hypothesisId":"H5","location":"MapGenerator.EnsureMapGenerated","message":"entry","data":{"isServer":true,"hasGenerated":true},"timestamp":1775485368572}
{"sessionId":"ab7145","hypothesisId":"H3","location":"NetworkGameManager.OnClientConnected","message":"server saw client","data":{"clientId":0,"realtimeSinceStartup":12.87},"timestamp":1775485368593}
{"sessionId":"ab7145","hypothesisId":"H4","location":"StartHostWithRelayAsync","message":"StartHost returned true","data":{"relayConnectionType":"wss","useWebSockets":true},"timestamp":1775485368593}
{"sessionId":"ab7145","hypothesisId":"H2","location":"StartHostWithRelayAsync","message":"join code ready","data":{"joinCodeLength":6},"timestamp":1775485368594}
{"sessionId":"ab7145","hypothesisId":"H4","location":"StartHostWithRelayAsync","message":"allocation created","data":{"allocationId":"a26692ca-f0ce-4ee0-b855-4d83e3f7af7b","relayConnectionType":"wss","maxConnections":59},"timestamp":1775485400610}
{"sessionId":"ab7145","hypothesisId":"H5","location":"MapGenerator.EnsureMapGenerated","message":"entry","data":{"isServer":true,"hasGenerated":false},"timestamp":1775485400960}
{"sessionId":"ab7145","hypothesisId":"H5","location":"MapGenerator.EnsureMapGenerated","message":"entry","data":{"isServer":true,"hasGenerated":true},"timestamp":1775485400990}
{"sessionId":"ab7145","hypothesisId":"H3","location":"NetworkGameManager.OnClientConnected","message":"server saw client","data":{"clientId":0,"realtimeSinceStartup":9.59},"timestamp":1775485401012}
{"sessionId":"ab7145","hypothesisId":"H4","location":"StartHostWithRelayAsync","message":"StartHost returned true","data":{"relayConnectionType":"wss","useWebSockets":true},"timestamp":1775485401012}
{"sessionId":"ab7145","hypothesisId":"H2","location":"StartHostWithRelayAsync","message":"join code ready","data":{"joinCodeLength":6},"timestamp":1775485401013}
{"sessionId":"ab7145","hypothesisId":"H4","location":"StartHostWithRelayAsync","message":"allocation created","data":{"allocationId":"f3d53a62-5e86-497c-afbe-b3a59842e80f","relayConnectionType":"wss","maxConnections":59},"timestamp":1775486016206}
{"sessionId":"ab7145","hypothesisId":"H5","location":"MapGenerator.EnsureMapGenerated","message":"entry","data":{"isServer":true,"hasGenerated":false},"timestamp":1775486016596}
{"sessionId":"ab7145","hypothesisId":"H5","location":"MapGenerator.EnsureMapGenerated","message":"entry","data":{"isServer":true,"hasGenerated":true},"timestamp":1775486016621}
{"sessionId":"ab7145","hypothesisId":"H3","location":"NetworkGameManager.OnClientConnected","message":"server saw client","data":{"clientId":0,"realtimeSinceStartup":43.60},"timestamp":1775486016636}
{"sessionId":"ab7145","hypothesisId":"H4","location":"StartHostWithRelayAsync","message":"StartHost returned true","data":{"relayConnectionType":"wss","useWebSockets":true},"timestamp":1775486016637}
{"sessionId":"ab7145","hypothesisId":"H2","location":"StartHostWithRelayAsync","message":"join code ready","data":{"joinCodeLength":6},"timestamp":1775486016637}
{"sessionId":"ab7145","hypothesisId":"H4","location":"StartHostWithRelayAsync","message":"allocation created","data":{"allocationId":"baa0b2de-decb-46bb-99a9-584e34f76972","relayConnectionType":"wss","maxConnections":59},"timestamp":1775486169167}
{"sessionId":"ab7145","hypothesisId":"H5","location":"MapGenerator.EnsureMapGenerated","message":"entry","data":{"isServer":true,"hasGenerated":false},"timestamp":1775486169567}
{"sessionId":"ab7145","hypothesisId":"H5","location":"MapGenerator.EnsureMapGenerated","message":"entry","data":{"isServer":true,"hasGenerated":true},"timestamp":1775486169603}
{"sessionId":"ab7145","hypothesisId":"H3","location":"NetworkGameManager.OnClientConnected","message":"server saw client","data":{"clientId":0,"realtimeSinceStartup":10.16},"timestamp":1775486169624}
{"sessionId":"ab7145","hypothesisId":"H4","location":"StartHostWithRelayAsync","message":"StartHost returned true","data":{"relayConnectionType":"wss","useWebSockets":true},"timestamp":1775486169624}
{"sessionId":"ab7145","hypothesisId":"H2","location":"StartHostWithRelayAsync","message":"join code ready","data":{"joinCodeLength":6},"timestamp":1775486169625}
{"sessionId":"ab7145","hypothesisId":"H4","location":"StartHostWithRelayAsync","message":"allocation created","data":{"allocationId":"8ecee91b-73df-4c35-842a-26ad51de7fc4","relayConnectionType":"wss","maxConnections":59},"timestamp":1775486347879}
{"sessionId":"ab7145","hypothesisId":"H5","location":"MapGenerator.EnsureMapGenerated","message":"entry","data":{"isServer":true,"hasGenerated":false},"timestamp":1775486348262}
{"sessionId":"ab7145","hypothesisId":"H5","location":"MapGenerator.EnsureMapGenerated","message":"entry","data":{"isServer":true,"hasGenerated":true},"timestamp":1775486348286}
{"sessionId":"ab7145","hypothesisId":"H3","location":"NetworkGameManager.OnClientConnected","message":"server saw client","data":{"clientId":0,"realtimeSinceStartup":10.56},"timestamp":1775486348300}
{"sessionId":"ab7145","hypothesisId":"H4","location":"StartHostWithRelayAsync","message":"StartHost returned true","data":{"relayConnectionType":"wss","useWebSockets":true},"timestamp":1775486348301}
{"sessionId":"ab7145","hypothesisId":"H2","location":"StartHostWithRelayAsync","message":"join code ready","data":{"joinCodeLength":6},"timestamp":1775486348301}
{"sessionId":"ab7145","hypothesisId":"H4","location":"StartHostWithRelayAsync","message":"allocation created","data":{"allocationId":"aaa3b400-ff93-4a21-a6c8-d14e68d3bf3c","relayConnectionType":"wss","maxConnections":59},"timestamp":1775486632878}
{"sessionId":"ab7145","hypothesisId":"H5","location":"MapGenerator.EnsureMapGenerated","message":"entry","data":{"isServer":true,"hasGenerated":false},"timestamp":1775486633157}
{"sessionId":"ab7145","hypothesisId":"H5","location":"MapGenerator.EnsureMapGenerated","message":"entry","data":{"isServer":true,"hasGenerated":true},"timestamp":1775486633178}
{"sessionId":"ab7145","hypothesisId":"H3","location":"NetworkGameManager.OnClientConnected","message":"server saw client","data":{"clientId":0,"realtimeSinceStartup":13.05},"timestamp":1775486633192}
{"sessionId":"ab7145","hypothesisId":"H4","location":"StartHostWithRelayAsync","message":"StartHost returned true","data":{"relayConnectionType":"wss","useWebSockets":true},"timestamp":1775486633193}
{"sessionId":"ab7145","hypothesisId":"H2","location":"StartHostWithRelayAsync","message":"join code ready","data":{"joinCodeLength":6},"timestamp":1775486633193}
{"sessionId":"ab7145","hypothesisId":"H4","location":"StartHostWithRelayAsync","message":"allocation created","data":{"allocationId":"1a6f34c9-60b7-451b-a36f-568a444e9b7d","relayConnectionType":"wss","maxConnections":59},"timestamp":1775486855762}
{"sessionId":"ab7145","hypothesisId":"H5","location":"MapGenerator.EnsureMapGenerated","message":"entry","data":{"isServer":true,"hasGenerated":false},"timestamp":1775486856158}
{"sessionId":"ab7145","hypothesisId":"H5","location":"MapGenerator.EnsureMapGenerated","message":"entry","data":{"isServer":true,"hasGenerated":true},"timestamp":1775486856180}
{"sessionId":"ab7145","hypothesisId":"H3","location":"NetworkGameManager.OnClientConnected","message":"server saw client","data":{"clientId":0,"realtimeSinceStartup":11.30},"timestamp":1775486856193}
{"sessionId":"ab7145","hypothesisId":"H4","location":"StartHostWithRelayAsync","message":"StartHost returned true","data":{"relayConnectionType":"wss","useWebSockets":true},"timestamp":1775486856193}
{"sessionId":"ab7145","hypothesisId":"H2","location":"StartHostWithRelayAsync","message":"join code ready","data":{"joinCodeLength":6},"timestamp":1775486856193}
{"sessionId":"ab7145","hypothesisId":"H4","location":"StartHostWithRelayAsync","message":"allocation created","data":{"allocationId":"85e844d2-2b88-4e01-ba6d-9e260e589a22","relayConnectionType":"wss","maxConnections":59},"timestamp":1775487052991}
{"sessionId":"ab7145","hypothesisId":"H5","location":"MapGenerator.EnsureMapGenerated","message":"entry","data":{"isServer":true,"hasGenerated":false},"timestamp":1775487053402}
{"sessionId":"ab7145","hypothesisId":"H5","location":"MapGenerator.EnsureMapGenerated","message":"entry","data":{"isServer":true,"hasGenerated":true},"timestamp":1775487053423}
{"sessionId":"ab7145","hypothesisId":"H3","location":"NetworkGameManager.OnClientConnected","message":"server saw client","data":{"clientId":0,"realtimeSinceStartup":11.40},"timestamp":1775487053436}
{"sessionId":"ab7145","hypothesisId":"H4","location":"StartHostWithRelayAsync","message":"StartHost returned true","data":{"relayConnectionType":"wss","useWebSockets":true},"timestamp":1775487053436}
{"sessionId":"ab7145","hypothesisId":"H2","location":"StartHostWithRelayAsync","message":"join code ready","data":{"joinCodeLength":6},"timestamp":1775487053436}
{"sessionId":"ab7145","hypothesisId":"H4","location":"StartHostWithRelayAsync","message":"allocation created","data":{"allocationId":"6783f97a-f953-4189-b47c-4257879a6fef","relayConnectionType":"wss","maxConnections":59},"timestamp":1775489873921}
{"sessionId":"ab7145","hypothesisId":"H5","location":"MapGenerator.EnsureMapGenerated","message":"entry","data":{"isServer":true,"hasGenerated":false},"timestamp":1775489881049}
{"sessionId":"ab7145","hypothesisId":"H5","location":"MapGenerator.EnsureMapGenerated","message":"entry","data":{"isServer":true,"hasGenerated":true},"timestamp":1775489881075}
{"sessionId":"ab7145","hypothesisId":"H3","location":"NetworkGameManager.OnClientConnected","message":"server saw client","data":{"clientId":0,"realtimeSinceStartup":53.99},"timestamp":1775489881090}
{"sessionId":"ab7145","hypothesisId":"H4","location":"StartHostWithRelayAsync","message":"StartHost returned true","data":{"relayConnectionType":"wss","useWebSockets":true},"timestamp":1775489881091}
{"sessionId":"ab7145","hypothesisId":"H2","location":"StartHostWithRelayAsync","message":"join code ready","data":{"joinCodeLength":6},"timestamp":1775489881091}
{"sessionId":"ab7145","hypothesisId":"H1","location":"NetworkGameManager.AgentOnTransportFailure","message":"OnTransportFailure","data":{"relayConnectionType":"wss","isHost":true,"isClient":true},"timestamp":1775489889292}
{"sessionId":"ab7145","hypothesisId":"H4","location":"StartHostWithRelayAsync","message":"allocation created","data":{"allocationId":"1fa07092-170a-4ab4-bcc6-131ed6a7d27e","relayConnectionType":"wss","maxConnections":59},"timestamp":1775489930087}
{"sessionId":"ab7145","hypothesisId":"H5","location":"MapGenerator.EnsureMapGenerated","message":"entry","data":{"isServer":true,"hasGenerated":false},"timestamp":1775489930407}
{"sessionId":"ab7145","hypothesisId":"H5","location":"MapGenerator.EnsureMapGenerated","message":"entry","data":{"isServer":true,"hasGenerated":true},"timestamp":1775489930427}
{"sessionId":"ab7145","hypothesisId":"H3","location":"NetworkGameManager.OnClientConnected","message":"server saw client","data":{"clientId":0,"realtimeSinceStartup":15.45},"timestamp":1775489930439}
{"sessionId":"ab7145","hypothesisId":"H4","location":"StartHostWithRelayAsync","message":"StartHost returned true","data":{"relayConnectionType":"wss","useWebSockets":true},"timestamp":1775489930440}
{"sessionId":"ab7145","hypothesisId":"H2","location":"StartHostWithRelayAsync","message":"join code ready","data":{"joinCodeLength":6},"timestamp":1775489930440}
{"sessionId":"ab7145","hypothesisId":"H4","location":"StartHostWithRelayAsync","message":"allocation created","data":{"allocationId":"8238642b-a447-45a5-b67f-200e80b8c590","relayConnectionType":"wss","maxConnections":59},"timestamp":1775490286490}
{"sessionId":"ab7145","hypothesisId":"H5","location":"MapGenerator.EnsureMapGenerated","message":"entry","data":{"isServer":true,"hasGenerated":false},"timestamp":1775490286846}
{"sessionId":"ab7145","hypothesisId":"H5","location":"MapGenerator.EnsureMapGenerated","message":"entry","data":{"isServer":true,"hasGenerated":true},"timestamp":1775490286866}
{"sessionId":"ab7145","hypothesisId":"H3","location":"NetworkGameManager.OnClientConnected","message":"server saw client","data":{"clientId":0,"realtimeSinceStartup":11.69},"timestamp":1775490286879}
{"sessionId":"ab7145","hypothesisId":"H4","location":"StartHostWithRelayAsync","message":"StartHost returned true","data":{"relayConnectionType":"wss","useWebSockets":true},"timestamp":1775490286879}
{"sessionId":"ab7145","hypothesisId":"H2","location":"StartHostWithRelayAsync","message":"join code ready","data":{"joinCodeLength":6},"timestamp":1775490286879}
{"sessionId":"ab7145","hypothesisId":"H4","location":"StartHostWithRelayAsync","message":"allocation created","data":{"allocationId":"0e768315-6f70-471a-8892-892da7417584","relayConnectionType":"wss","maxConnections":59},"timestamp":1775490472114}
{"sessionId":"ab7145","hypothesisId":"H5","location":"MapGenerator.EnsureMapGenerated","message":"entry","data":{"isServer":true,"hasGenerated":false},"timestamp":1775490472416}
{"sessionId":"ab7145","hypothesisId":"H5","location":"MapGenerator.EnsureMapGenerated","message":"entry","data":{"isServer":true,"hasGenerated":true},"timestamp":1775490472436}
{"sessionId":"ab7145","hypothesisId":"H3","location":"NetworkGameManager.OnClientConnected","message":"server saw client","data":{"clientId":0,"realtimeSinceStartup":42.43},"timestamp":1775490472451}
{"sessionId":"ab7145","hypothesisId":"H4","location":"StartHostWithRelayAsync","message":"StartHost returned true","data":{"relayConnectionType":"wss","useWebSockets":true},"timestamp":1775490472451}
{"sessionId":"ab7145","hypothesisId":"H2","location":"StartHostWithRelayAsync","message":"join code ready","data":{"joinCodeLength":6},"timestamp":1775490472452}
{"sessionId":"ab7145","hypothesisId":"H4","location":"StartHostWithRelayAsync","message":"allocation created","data":{"allocationId":"ade3f613-2cb4-43b2-b9af-120c922e62ed","relayConnectionType":"wss","maxConnections":59},"timestamp":1775490530175}
{"sessionId":"ab7145","hypothesisId":"H5","location":"MapGenerator.EnsureMapGenerated","message":"entry","data":{"isServer":true,"hasGenerated":false},"timestamp":1775490530566}
{"sessionId":"ab7145","hypothesisId":"H5","location":"MapGenerator.EnsureMapGenerated","message":"entry","data":{"isServer":true,"hasGenerated":true},"timestamp":1775490530601}
{"sessionId":"ab7145","hypothesisId":"H3","location":"NetworkGameManager.OnClientConnected","message":"server saw client","data":{"clientId":0,"realtimeSinceStartup":10.40},"timestamp":1775490530624}
{"sessionId":"ab7145","hypothesisId":"H4","location":"StartHostWithRelayAsync","message":"StartHost returned true","data":{"relayConnectionType":"wss","useWebSockets":true},"timestamp":1775490530625}
{"sessionId":"ab7145","hypothesisId":"H2","location":"StartHostWithRelayAsync","message":"join code ready","data":{"joinCodeLength":6},"timestamp":1775490530626}
{"sessionId":"ab7145","hypothesisId":"H4","location":"StartHostWithRelayAsync","message":"allocation created","data":{"allocationId":"a4ca210f-c778-48fb-b153-2ff61bf894b3","relayConnectionType":"wss","maxConnections":59},"timestamp":1775490640762}
{"sessionId":"ab7145","hypothesisId":"H5","location":"MapGenerator.EnsureMapGenerated","message":"entry","data":{"isServer":true,"hasGenerated":false},"timestamp":1775490641173}
{"sessionId":"ab7145","hypothesisId":"H5","location":"MapGenerator.EnsureMapGenerated","message":"entry","data":{"isServer":true,"hasGenerated":true},"timestamp":1775490641197}
{"sessionId":"ab7145","hypothesisId":"H3","location":"NetworkGameManager.OnClientConnected","message":"server saw client","data":{"clientId":0,"realtimeSinceStartup":11.38},"timestamp":1775490641212}
{"sessionId":"ab7145","hypothesisId":"H4","location":"StartHostWithRelayAsync","message":"StartHost returned true","data":{"relayConnectionType":"wss","useWebSockets":true},"timestamp":1775490641213}
{"sessionId":"ab7145","hypothesisId":"H2","location":"StartHostWithRelayAsync","message":"join code ready","data":{"joinCodeLength":6},"timestamp":1775490641213}
{"sessionId":"ab7145","hypothesisId":"H4","location":"StartHostWithRelayAsync","message":"allocation created","data":{"allocationId":"07ff85ab-ca49-4f0c-89cd-b4aae133058a","relayConnectionType":"wss","maxConnections":59},"timestamp":1775490791032}
{"sessionId":"ab7145","hypothesisId":"H5","location":"MapGenerator.EnsureMapGenerated","message":"entry","data":{"isServer":true,"hasGenerated":false},"timestamp":1775490791446}
{"sessionId":"ab7145","hypothesisId":"H5","location":"MapGenerator.EnsureMapGenerated","message":"entry","data":{"isServer":true,"hasGenerated":true},"timestamp":1775490791483}
{"sessionId":"ab7145","hypothesisId":"H3","location":"NetworkGameManager.OnClientConnected","message":"server saw client","data":{"clientId":0,"realtimeSinceStartup":12.93},"timestamp":1775490791507}
{"sessionId":"ab7145","hypothesisId":"H4","location":"StartHostWithRelayAsync","message":"StartHost returned true","data":{"relayConnectionType":"wss","useWebSockets":true},"timestamp":1775490791508}
{"sessionId":"ab7145","hypothesisId":"H2","location":"StartHostWithRelayAsync","message":"join code ready","data":{"joinCodeLength":6},"timestamp":1775490791508}
{"sessionId":"ab7145","hypothesisId":"H4","location":"StartHostWithRelayAsync","message":"allocation created","data":{"allocationId":"d6d491a6-f3da-4ca0-8b24-373882d18e80","relayConnectionType":"wss","maxConnections":59},"timestamp":1775490834996}
{"sessionId":"ab7145","hypothesisId":"H5","location":"MapGenerator.EnsureMapGenerated","message":"entry","data":{"isServer":true,"hasGenerated":false},"timestamp":1775490835451}
{"sessionId":"ab7145","hypothesisId":"H5","location":"MapGenerator.EnsureMapGenerated","message":"entry","data":{"isServer":true,"hasGenerated":true},"timestamp":1775490835479}
{"sessionId":"ab7145","hypothesisId":"H3","location":"NetworkGameManager.OnClientConnected","message":"server saw client","data":{"clientId":0,"realtimeSinceStartup":12.55},"timestamp":1775490835500}
{"sessionId":"ab7145","hypothesisId":"H4","location":"StartHostWithRelayAsync","message":"StartHost returned true","data":{"relayConnectionType":"wss","useWebSockets":true},"timestamp":1775490835501}
{"sessionId":"ab7145","hypothesisId":"H2","location":"StartHostWithRelayAsync","message":"join code ready","data":{"joinCodeLength":6},"timestamp":1775490835502}
{"sessionId":"ab7145","hypothesisId":"H4","location":"StartHostWithRelayAsync","message":"allocation created","data":{"allocationId":"53c9c969-ab1b-4e7d-b410-b3cf2a869abe","relayConnectionType":"wss","maxConnections":59},"timestamp":1775490872795}
{"sessionId":"ab7145","hypothesisId":"H5","location":"MapGenerator.EnsureMapGenerated","message":"entry","data":{"isServer":true,"hasGenerated":false},"timestamp":1775490873173}
{"sessionId":"ab7145","hypothesisId":"H5","location":"MapGenerator.EnsureMapGenerated","message":"entry","data":{"isServer":true,"hasGenerated":true},"timestamp":1775490873204}
{"sessionId":"ab7145","hypothesisId":"H3","location":"NetworkGameManager.OnClientConnected","message":"server saw client","data":{"clientId":0,"realtimeSinceStartup":10.63},"timestamp":1775490873225}
{"sessionId":"ab7145","hypothesisId":"H4","location":"StartHostWithRelayAsync","message":"StartHost returned true","data":{"relayConnectionType":"wss","useWebSockets":true},"timestamp":1775490873225}
{"sessionId":"ab7145","hypothesisId":"H2","location":"StartHostWithRelayAsync","message":"join code ready","data":{"joinCodeLength":6},"timestamp":1775490873226}
{"sessionId":"ab7145","hypothesisId":"H4","location":"StartHostWithRelayAsync","message":"allocation created","data":{"allocationId":"f0ba4146-aae4-4956-ab10-6c09a7a3ebce","relayConnectionType":"wss","maxConnections":59},"timestamp":1775490911092}
{"sessionId":"ab7145","hypothesisId":"H5","location":"MapGenerator.EnsureMapGenerated","message":"entry","data":{"isServer":true,"hasGenerated":false},"timestamp":1775490911444}
{"sessionId":"ab7145","hypothesisId":"H5","location":"MapGenerator.EnsureMapGenerated","message":"entry","data":{"isServer":true,"hasGenerated":true},"timestamp":1775490911466}
{"sessionId":"ab7145","hypothesisId":"H3","location":"NetworkGameManager.OnClientConnected","message":"server saw client","data":{"clientId":0,"realtimeSinceStartup":10.80},"timestamp":1775490911481}
{"sessionId":"ab7145","hypothesisId":"H4","location":"StartHostWithRelayAsync","message":"StartHost returned true","data":{"relayConnectionType":"wss","useWebSockets":true},"timestamp":1775490911481}
{"sessionId":"ab7145","hypothesisId":"H2","location":"StartHostWithRelayAsync","message":"join code ready","data":{"joinCodeLength":6},"timestamp":1775490911482}
{"sessionId":"ab7145","hypothesisId":"H4","location":"StartHostWithRelayAsync","message":"allocation created","data":{"allocationId":"eb8d9edc-cc0b-4b58-a148-aac9e1d1cd17","relayConnectionType":"wss","maxConnections":59},"timestamp":1775495828426}
{"sessionId":"ab7145","hypothesisId":"H5","location":"MapGenerator.EnsureMapGenerated","message":"entry","data":{"isServer":true,"hasGenerated":false},"timestamp":1775495828878}
{"sessionId":"ab7145","hypothesisId":"H5","location":"MapGenerator.EnsureMapGenerated","message":"entry","data":{"isServer":true,"hasGenerated":true},"timestamp":1775495828909}
{"sessionId":"ab7145","hypothesisId":"H3","location":"NetworkGameManager.OnClientConnected","message":"server saw client","data":{"clientId":0,"realtimeSinceStartup":16.97},"timestamp":1775495828930}
{"sessionId":"ab7145","hypothesisId":"H4","location":"StartHostWithRelayAsync","message":"StartHost returned true","data":{"relayConnectionType":"wss","useWebSockets":true},"timestamp":1775495828931}
{"sessionId":"ab7145","hypothesisId":"H2","location":"StartHostWithRelayAsync","message":"join code ready","data":{"joinCodeLength":6},"timestamp":1775495828932}
{"sessionId":"ab7145","hypothesisId":"H4","location":"StartHostWithRelayAsync","message":"allocation created","data":{"allocationId":"74198b7e-d4a4-493d-afee-1af9368bb25a","relayConnectionType":"wss","maxConnections":59},"timestamp":1775496376914}
{"sessionId":"ab7145","hypothesisId":"H5","location":"MapGenerator.EnsureMapGenerated","message":"entry","data":{"isServer":true,"hasGenerated":false},"timestamp":1775496377231}
{"sessionId":"ab7145","hypothesisId":"H5","location":"MapGenerator.EnsureMapGenerated","message":"entry","data":{"isServer":true,"hasGenerated":true},"timestamp":1775496377251}
{"sessionId":"ab7145","hypothesisId":"H3","location":"NetworkGameManager.OnClientConnected","message":"server saw client","data":{"clientId":0,"realtimeSinceStartup":13.90},"timestamp":1775496377264}
{"sessionId":"ab7145","hypothesisId":"H4","location":"StartHostWithRelayAsync","message":"StartHost returned true","data":{"relayConnectionType":"wss","useWebSockets":true},"timestamp":1775496377264}
{"sessionId":"ab7145","hypothesisId":"H2","location":"StartHostWithRelayAsync","message":"join code ready","data":{"joinCodeLength":6},"timestamp":1775496377265}
{"sessionId":"ab7145","hypothesisId":"H4","location":"StartHostWithRelayAsync","message":"allocation created","data":{"allocationId":"6485d70a-545c-4eb1-9ea8-ffc19b5a7ba6","relayConnectionType":"wss","maxConnections":59},"timestamp":1775501475411}
{"sessionId":"ab7145","hypothesisId":"H5","location":"MapGenerator.EnsureMapGenerated","message":"entry","data":{"isServer":true,"hasGenerated":false},"timestamp":1775501476021}
{"sessionId":"ab7145","hypothesisId":"H5","location":"MapGenerator.EnsureMapGenerated","message":"entry","data":{"isServer":true,"hasGenerated":true},"timestamp":1775501476050}
{"sessionId":"ab7145","hypothesisId":"H3","location":"NetworkGameManager.OnClientConnected","message":"server saw client","data":{"clientId":0,"realtimeSinceStartup":16.48},"timestamp":1775501476072}
{"sessionId":"ab7145","hypothesisId":"H4","location":"StartHostWithRelayAsync","message":"StartHost returned true","data":{"relayConnectionType":"wss","useWebSockets":true},"timestamp":1775501476073}
{"sessionId":"ab7145","hypothesisId":"H2","location":"StartHostWithRelayAsync","message":"join code ready","data":{"joinCodeLength":6},"timestamp":1775501476073}
{"sessionId":"ab7145","hypothesisId":"H4","location":"StartHostWithRelayAsync","message":"allocation created","data":{"allocationId":"7479c181-c970-4bed-8e6e-2705ffc681dd","relayConnectionType":"wss","maxConnections":59},"timestamp":1775502216919}
{"sessionId":"ab7145","hypothesisId":"H5","location":"MapGenerator.EnsureMapGenerated","message":"entry","data":{"isServer":true,"hasGenerated":false},"timestamp":1775502217366}
{"sessionId":"ab7145","hypothesisId":"H5","location":"MapGenerator.EnsureMapGenerated","message":"entry","data":{"isServer":true,"hasGenerated":true},"timestamp":1775502217389}
{"sessionId":"ab7145","hypothesisId":"H3","location":"NetworkGameManager.OnClientConnected","message":"server saw client","data":{"clientId":0,"realtimeSinceStartup":22.86},"timestamp":1775502217407}
{"sessionId":"ab7145","hypothesisId":"H4","location":"StartHostWithRelayAsync","message":"StartHost returned true","data":{"relayConnectionType":"wss","useWebSockets":true},"timestamp":1775502217408}
{"sessionId":"ab7145","hypothesisId":"H2","location":"StartHostWithRelayAsync","message":"join code ready","data":{"joinCodeLength":6},"timestamp":1775502217408}
{"sessionId":"ab7145","hypothesisId":"H4","location":"StartHostWithRelayAsync","message":"allocation created","data":{"allocationId":"93339e07-e00a-4896-816b-019179a75a5f","relayConnectionType":"wss","maxConnections":59},"timestamp":1775508066328}
{"sessionId":"ab7145","hypothesisId":"H5","location":"MapGenerator.EnsureMapGenerated","message":"entry","data":{"isServer":true,"hasGenerated":false},"timestamp":1775508066767}
{"sessionId":"ab7145","hypothesisId":"H5","location":"MapGenerator.EnsureMapGenerated","message":"entry","data":{"isServer":true,"hasGenerated":true},"timestamp":1775508066790}
{"sessionId":"ab7145","hypothesisId":"H3","location":"NetworkGameManager.OnClientConnected","message":"server saw client","data":{"clientId":0,"realtimeSinceStartup":20.96},"timestamp":1775508066807}
{"sessionId":"ab7145","hypothesisId":"H4","location":"StartHostWithRelayAsync","message":"StartHost returned true","data":{"relayConnectionType":"wss","useWebSockets":true},"timestamp":1775508066808}
{"sessionId":"ab7145","hypothesisId":"H2","location":"StartHostWithRelayAsync","message":"join code ready","data":{"joinCodeLength":6},"timestamp":1775508066808}
{"sessionId":"ab7145","hypothesisId":"H4","location":"StartHostWithRelayAsync","message":"allocation created","data":{"allocationId":"b2b58dea-64dc-45d9-bafe-93d45b37c80e","relayConnectionType":"wss","maxConnections":59},"timestamp":1775511770005}
{"sessionId":"ab7145","hypothesisId":"H5","location":"MapGenerator.EnsureMapGenerated","message":"entry","data":{"isServer":true,"hasGenerated":false},"timestamp":1775511770452}
{"sessionId":"ab7145","hypothesisId":"H5","location":"MapGenerator.EnsureMapGenerated","message":"entry","data":{"isServer":true,"hasGenerated":true},"timestamp":1775511770471}
{"sessionId":"ab7145","hypothesisId":"H3","location":"NetworkGameManager.OnClientConnected","message":"server saw client","data":{"clientId":0,"realtimeSinceStartup":58.32},"timestamp":1775511770484}
{"sessionId":"ab7145","hypothesisId":"H4","location":"StartHostWithRelayAsync","message":"StartHost returned true","data":{"relayConnectionType":"wss","useWebSockets":true},"timestamp":1775511770484}
{"sessionId":"ab7145","hypothesisId":"H2","location":"StartHostWithRelayAsync","message":"join code ready","data":{"joinCodeLength":6},"timestamp":1775511770484}
{"sessionId":"ab7145","hypothesisId":"H4","location":"StartHostWithRelayAsync","message":"allocation created","data":{"allocationId":"f211351c-f521-4550-b978-d573b818eebf","relayConnectionType":"wss","maxConnections":59},"timestamp":1775513057562}
{"sessionId":"ab7145","hypothesisId":"H5","location":"MapGenerator.EnsureMapGenerated","message":"entry","data":{"isServer":true,"hasGenerated":false},"timestamp":1775513058002}
{"sessionId":"ab7145","hypothesisId":"H5","location":"MapGenerator.EnsureMapGenerated","message":"entry","data":{"isServer":true,"hasGenerated":true},"timestamp":1775513058022}
{"sessionId":"ab7145","hypothesisId":"H3","location":"NetworkGameManager.OnClientConnected","message":"server saw client","data":{"clientId":0,"realtimeSinceStartup":66.28},"timestamp":1775513058035}
{"sessionId":"ab7145","hypothesisId":"H4","location":"StartHostWithRelayAsync","message":"StartHost returned true","data":{"relayConnectionType":"wss","useWebSockets":true},"timestamp":1775513058036}
{"sessionId":"ab7145","hypothesisId":"H2","location":"StartHostWithRelayAsync","message":"join code ready","data":{"joinCodeLength":6},"timestamp":1775513058036}
{"sessionId":"ab7145","hypothesisId":"H4","location":"StartHostWithRelayAsync","message":"allocation created","data":{"allocationId":"6849dbd7-aa54-4b72-a1c1-04fe0a3fe456","relayConnectionType":"wss","maxConnections":59},"timestamp":1775519334762}
{"sessionId":"ab7145","hypothesisId":"H5","location":"MapGenerator.EnsureMapGenerated","message":"entry","data":{"isServer":true,"hasGenerated":false},"timestamp":1775519335172}
{"sessionId":"ab7145","hypothesisId":"H5","location":"MapGenerator.EnsureMapGenerated","message":"entry","data":{"isServer":true,"hasGenerated":true},"timestamp":1775519335193}
{"sessionId":"ab7145","hypothesisId":"H3","location":"NetworkGameManager.OnClientConnected","message":"server saw client","data":{"clientId":0,"realtimeSinceStartup":66.92},"timestamp":1775519335208}
{"sessionId":"ab7145","hypothesisId":"H4","location":"StartHostWithRelayAsync","message":"StartHost returned true","data":{"relayConnectionType":"wss","useWebSockets":true},"timestamp":1775519335208}
{"sessionId":"ab7145","hypothesisId":"H2","location":"StartHostWithRelayAsync","message":"join code ready","data":{"joinCodeLength":6},"timestamp":1775519335208}
{"sessionId":"ab7145","hypothesisId":"H4","location":"StartHostWithRelayAsync","message":"allocation created","data":{"allocationId":"17ce4310-ab00-44b0-a783-109a1d9e2e02","relayConnectionType":"wss","maxConnections":59},"timestamp":1775519543769}
{"sessionId":"ab7145","hypothesisId":"H5","location":"MapGenerator.EnsureMapGenerated","message":"entry","data":{"isServer":true,"hasGenerated":false},"timestamp":1775519544154}
{"sessionId":"ab7145","hypothesisId":"H5","location":"MapGenerator.EnsureMapGenerated","message":"entry","data":{"isServer":true,"hasGenerated":true},"timestamp":1775519544174}
{"sessionId":"ab7145","hypothesisId":"H3","location":"NetworkGameManager.OnClientConnected","message":"server saw client","data":{"clientId":0,"realtimeSinceStartup":13.57},"timestamp":1775519544188}
{"sessionId":"ab7145","hypothesisId":"H4","location":"StartHostWithRelayAsync","message":"StartHost returned true","data":{"relayConnectionType":"wss","useWebSockets":true},"timestamp":1775519544188}
{"sessionId":"ab7145","hypothesisId":"H2","location":"StartHostWithRelayAsync","message":"join code ready","data":{"joinCodeLength":6},"timestamp":1775519544188}
{"sessionId":"ab7145","hypothesisId":"H4","location":"StartHostWithRelayAsync","message":"allocation created","data":{"allocationId":"16b6bb2b-5eef-4ef3-845f-9740a13d678d","relayConnectionType":"wss","maxConnections":59},"timestamp":1775519630426}
{"sessionId":"ab7145","hypothesisId":"H5","location":"MapGenerator.EnsureMapGenerated","message":"entry","data":{"isServer":true,"hasGenerated":false},"timestamp":1775519630738}
{"sessionId":"ab7145","hypothesisId":"H5","location":"MapGenerator.EnsureMapGenerated","message":"entry","data":{"isServer":true,"hasGenerated":true},"timestamp":1775519630759}
{"sessionId":"ab7145","hypothesisId":"H3","location":"NetworkGameManager.OnClientConnected","message":"server saw client","data":{"clientId":0,"realtimeSinceStartup":13.16},"timestamp":1775519630772}
{"sessionId":"ab7145","hypothesisId":"H4","location":"StartHostWithRelayAsync","message":"StartHost returned true","data":{"relayConnectionType":"wss","useWebSockets":true},"timestamp":1775519630773}
{"sessionId":"ab7145","hypothesisId":"H2","location":"StartHostWithRelayAsync","message":"join code ready","data":{"joinCodeLength":6},"timestamp":1775519630773}
{"sessionId":"ab7145","hypothesisId":"H4","location":"StartHostWithRelayAsync","message":"allocation created","data":{"allocationId":"bba2956a-8c9e-479c-bad9-68b416f5dbe1","relayConnectionType":"wss","maxConnections":59},"timestamp":1775530847774}
{"sessionId":"ab7145","hypothesisId":"H5","location":"MapGenerator.EnsureMapGenerated","message":"entry","data":{"isServer":true,"hasGenerated":false},"timestamp":1775530848170}
{"sessionId":"ab7145","hypothesisId":"H5","location":"MapGenerator.EnsureMapGenerated","message":"entry","data":{"isServer":true,"hasGenerated":true},"timestamp":1775530848192}
{"sessionId":"ab7145","hypothesisId":"H3","location":"NetworkGameManager.OnClientConnected","message":"server saw client","data":{"clientId":0,"realtimeSinceStartup":14.04},"timestamp":1775530848206}
{"sessionId":"ab7145","hypothesisId":"H4","location":"StartHostWithRelayAsync","message":"StartHost returned true","data":{"relayConnectionType":"wss","useWebSockets":true},"timestamp":1775530848206}
{"sessionId":"ab7145","hypothesisId":"H2","location":"StartHostWithRelayAsync","message":"join code ready","data":{"joinCodeLength":6},"timestamp":1775530848207}
