{"sessionId":"e62f68","runId":"initial","hypothesisId":"H4","location":"Starship.cs:OnNetworkSpawn","message":"Ship spawned","data":{"shipObject":"Starship(Clone)","isServer":true,"isOwner":true,"shipLevel":1,"childCount":4},"timestamp":1772106342606}
{"sessionId":"e62f68","runId":"initial","hypothesisId":"G2","location":"GemSpawner.cs:SpawnGemsServerRpc","message":"Gem spawn batch","data":{"asteroidSize":25.10106,"totalValue":2510.106,"requestedGemCount":3,"spawnedCount":3,"activeServerGems":3},"timestamp":1772106361378}
{"sessionId":"e62f68","runId":"initial","hypothesisId":"G1","location":"Gem.cs:FixedUpdate","message":"Gem perf aggregate","data":{"activeServerGems":3,"fixedTicksWindow":1,"shipScanCallsWindow":1,"shipsEnumeratedWindow":1},"timestamp":1772106361407}
{"sessionId":"e62f68","runId":"initial","hypothesisId":"G2","location":"GemSpawner.cs:SpawnGemsServerRpc","message":"Gem spawn batch","data":{"asteroidSize":25.10106,"totalValue":2510.106,"requestedGemCount":4,"spawnedCount":4,"activeServerGems":7},"timestamp":1772106361708}
{"sessionId":"e62f68","runId":"initial","hypothesisId":"G1","location":"Gem.cs:FixedUpdate","message":"Gem perf aggregate","data":{"activeServerGems":5,"fixedTicksWindow":236,"shipScanCallsWindow":3,"shipsEnumeratedWindow":3},"timestamp":1772106362388}
{"sessionId":"e62f68","runId":"initial","hypothesisId":"G1","location":"Gem.cs:FixedUpdate","message":"Gem perf aggregate","data":{"activeServerGems":5,"fixedTicksWindow":250,"shipScanCallsWindow":4,"shipsEnumeratedWindow":4},"timestamp":1772106363382}
{"sessionId":"e62f68","runId":"initial","hypothesisId":"G1","location":"Gem.cs:FixedUpdate","message":"Gem perf aggregate","data":{"activeServerGems":5,"fixedTicksWindow":255,"shipScanCallsWindow":4,"shipsEnumeratedWindow":4},"timestamp":1772106364399}
{"sessionId":"e62f68","runId":"initial","hypothesisId":"H4","location":"Starship.cs:SetShipData","message":"SetShipData invoked","data":{"shipObject":"Starship(Clone)","incomingShip":"2.1","incomingPrefab":"Example1_Grey","currentLevel":1},"timestamp":1772106364444}
{"sessionId":"e62f68","runId":"initial","hypothesisId":"H1","location":"Starship.cs:ApplyShipVisual:start","message":"ApplyShipVisual start","data":{"shipObject":"Starship(Clone)","prefab":"Example1_Grey","existingChildren":4},"timestamp":1772106364446}
{"sessionId":"e62f68","runId":"initial","hypothesisId":"H1","location":"Starship.cs:ApplyShipVisual:end","message":"ApplyShipVisual end","data":{"shipObject":"Starship(Clone)","prefab":"Example1_Grey","renderers":77,"colliders":22,"behaviours":4,"rigidbodies":1,"shadowCasters":1,"materialSlots":77,"firePointNull":false},"timestamp":1772106364449}
{"sessionId":"e62f68","runId":"initial","hypothesisId":"H4","location":"Starship.cs:SetShipData","message":"SetShipData invoked","data":{"shipObject":"Starship(Clone)","incomingShip":"2.1","incomingPrefab":"Example1_Grey","currentLevel":2},"timestamp":1772106364449}
{"sessionId":"e62f68","runId":"post-fix","hypothesisId":"H4","location":"Starship.cs:ApplyShipVisual:skip","message":"Skipped duplicate ApplyShipVisual in same frame","data":{"shipObject":"Starship(Clone)","prefab":"Example1_Grey","frame":906},"timestamp":1772106364450}
{"sessionId":"e62f68","runId":"initial","hypothesisId":"G1","location":"Gem.cs:FixedUpdate","message":"Gem perf aggregate","data":{"activeServerGems":1,"fixedTicksWindow":120,"shipScanCallsWindow":4,"shipsEnumeratedWindow":4},"timestamp":1772106365411}
{"sessionId":"e62f68","runId":"initial","hypothesisId":"G2","location":"GemSpawner.cs:SpawnGemsServerRpc","message":"Gem spawn batch","data":{"asteroidSize":25.10106,"totalValue":2510.106,"requestedGemCount":4,"spawnedCount":4,"activeServerGems":5},"timestamp":1772106365685}
{"sessionId":"e62f68","runId":"initial","hypothesisId":"G2","location":"GemSpawner.cs:SpawnGemsServerRpc","message":"Gem spawn batch","data":{"asteroidSize":25.10106,"totalValue":2510.106,"requestedGemCount":2,"spawnedCount":2,"activeServerGems":7},"timestamp":1772106366177}
{"sessionId":"e62f68","runId":"initial","hypothesisId":"G1","location":"Gem.cs:FixedUpdate","message":"Gem perf aggregate","data":{"activeServerGems":7,"fixedTicksWindow":212,"shipScanCallsWindow":4,"shipsEnumeratedWindow":4},"timestamp":1772106366405}
{"sessionId":"e62f68","runId":"initial","hypothesisId":"G2","location":"GemSpawner.cs:SpawnGemsServerRpc","message":"Gem spawn batch","data":{"asteroidSize":25.10106,"totalValue":2510.106,"requestedGemCount":3,"spawnedCount":3,"activeServerGems":10},"timestamp":1772106366668}
{"sessionId":"e62f68","runId":"initial","hypothesisId":"G2","location":"GemSpawner.cs:SpawnGemsServerRpc","message":"Gem spawn batch","data":{"asteroidSize":25.10106,"totalValue":2510.106,"requestedGemCount":4,"spawnedCount":4,"activeServerGems":14},"timestamp":1772106367103}
{"sessionId":"e62f68","runId":"initial","hypothesisId":"G1","location":"Gem.cs:FixedUpdate","message":"Gem perf aggregate","data":{"activeServerGems":14,"fixedTicksWindow":514,"shipScanCallsWindow":4,"shipsEnumeratedWindow":4},"timestamp":1772106367415}
{"sessionId":"e62f68","runId":"initial","hypothesisId":"G2","location":"GemSpawner.cs:SpawnGemsServerRpc","message":"Gem spawn batch","data":{"asteroidSize":25.10106,"totalValue":2510.106,"requestedGemCount":4,"spawnedCount":4,"activeServerGems":18},"timestamp":1772106367601}
{"sessionId":"e62f68","runId":"initial","hypothesisId":"G2","location":"GemSpawner.cs:SpawnGemsServerRpc","message":"Gem spawn batch","data":{"asteroidSize":25.10106,"totalValue":2510.106,"requestedGemCount":3,"spawnedCount":3,"activeServerGems":21},"timestamp":1772106368061}
{"sessionId":"e62f68","runId":"initial","hypothesisId":"G1","location":"Gem.cs:FixedUpdate","message":"Gem perf aggregate","data":{"activeServerGems":21,"fixedTicksWindow":904,"shipScanCallsWindow":4,"shipsEnumeratedWindow":4},"timestamp":1772106368412}
{"sessionId":"e62f68","runId":"initial","hypothesisId":"G2","location":"GemSpawner.cs:SpawnGemsServerRpc","message":"Gem spawn batch","data":{"asteroidSize":25.10106,"totalValue":2510.106,"requestedGemCount":2,"spawnedCount":2,"activeServerGems":23},"timestamp":1772106368541}
{"sessionId":"e62f68","runId":"initial","hypothesisId":"H4","location":"Starship.cs:SetShipData","message":"SetShipData invoked","data":{"shipObject":"Starship(Clone)","incomingShip":"3.1","incomingPrefab":"Example2_Grey","currentLevel":2},"timestamp":1772106369195}
{"sessionId":"e62f68","runId":"initial","hypothesisId":"H1","location":"Starship.cs:ApplyShipVisual:start","message":"ApplyShipVisual start","data":{"shipObject":"Starship(Clone)","prefab":"Example2_Grey","existingChildren":19},"timestamp":1772106369195}
{"sessionId":"e62f68","runId":"initial","hypothesisId":"H1","location":"Starship.cs:ApplyShipVisual:end","message":"ApplyShipVisual end","data":{"shipObject":"Starship(Clone)","prefab":"Example2_Grey","renderers":151,"colliders":25,"behaviours":4,"rigidbodies":1,"shadowCasters":1,"materialSlots":151,"firePointNull":false},"timestamp":1772106369197}
{"sessionId":"e62f68","runId":"initial","hypothesisId":"H4","location":"Starship.cs:SetShipData","message":"SetShipData invoked","data":{"shipObject":"Starship(Clone)","incomingShip":"3.1","incomingPrefab":"Example2_Grey","currentLevel":3},"timestamp":1772106369197}
{"sessionId":"e62f68","runId":"post-fix","hypothesisId":"H4","location":"Starship.cs:ApplyShipVisual:skip","message":"Skipped duplicate ApplyShipVisual in same frame","data":{"shipObject":"Starship(Clone)","prefab":"Example2_Grey","frame":1138},"timestamp":1772106369198}
{"sessionId":"e62f68","runId":"initial","hypothesisId":"G1","location":"Gem.cs:FixedUpdate","message":"Gem perf aggregate","data":{"activeServerGems":17,"fixedTicksWindow":1271,"shipScanCallsWindow":4,"shipsEnumeratedWindow":4},"timestamp":1772106369525}
{"sessionId":"e62f68","runId":"initial","hypothesisId":"G2","location":"GemSpawner.cs:SpawnGemsServerRpc","message":"Gem spawn batch","data":{"asteroidSize":25.10106,"totalValue":2510.106,"requestedGemCount":4,"spawnedCount":4,"activeServerGems":21},"timestamp":1772106370161}
{"sessionId":"e62f68","runId":"initial","hypothesisId":"G1","location":"Gem.cs:FixedUpdate","message":"Gem perf aggregate","data":{"activeServerGems":21,"fixedTicksWindow":903,"shipScanCallsWindow":4,"shipsEnumeratedWindow":4},"timestamp":1772106370522}
{"sessionId":"e62f68","runId":"initial","hypothesisId":"G2","location":"GemSpawner.cs:SpawnGemsServerRpc","message":"Gem spawn batch","data":{"asteroidSize":25.10106,"totalValue":2510.106,"requestedGemCount":2,"spawnedCount":2,"activeServerGems":23},"timestamp":1772106370584}
{"sessionId":"e62f68","runId":"initial","hypothesisId":"G2","location":"GemSpawner.cs:SpawnGemsServerRpc","message":"Gem spawn batch","data":{"asteroidSize":25.10106,"totalValue":2510.106,"requestedGemCount":4,"spawnedCount":4,"activeServerGems":27},"timestamp":1772106370927}
{"sessionId":"e62f68","runId":"initial","hypothesisId":"G2","location":"GemSpawner.cs:SpawnGemsServerRpc","message":"Gem spawn batch","data":{"asteroidSize":25.10106,"totalValue":2510.106,"requestedGemCount":3,"spawnedCount":3,"activeServerGems":30},"timestamp":1772106371245}
{"sessionId":"e62f68","runId":"initial","hypothesisId":"G1","location":"Gem.cs:FixedUpdate","message":"Gem perf aggregate","data":{"activeServerGems":30,"fixedTicksWindow":1304,"shipScanCallsWindow":4,"shipsEnumeratedWindow":4},"timestamp":1772106371523}
{"sessionId":"e62f68","runId":"initial","hypothesisId":"G2","location":"GemSpawner.cs:SpawnGemsServerRpc","message":"Gem spawn batch","data":{"asteroidSize":25.10106,"totalValue":2510.106,"requestedGemCount":4,"spawnedCount":4,"activeServerGems":34},"timestamp":1772106371566}
{"sessionId":"e62f68","runId":"initial","hypothesisId":"G2","location":"GemSpawner.cs:SpawnGemsServerRpc","message":"Gem spawn batch","data":{"asteroidSize":25.10106,"totalValue":2510.106,"requestedGemCount":3,"spawnedCount":3,"activeServerGems":37},"timestamp":1772106371886}
{"sessionId":"e62f68","runId":"initial","hypothesisId":"G2","location":"GemSpawner.cs:SpawnGemsServerRpc","message":"Gem spawn batch","data":{"asteroidSize":25.10106,"totalValue":2510.106,"requestedGemCount":3,"spawnedCount":3,"activeServerGems":40},"timestamp":1772106372213}
{"sessionId":"e62f68","runId":"initial","hypothesisId":"G1","location":"Gem.cs:FixedUpdate","message":"Gem perf aggregate","data":{"activeServerGems":40,"fixedTicksWindow":1833,"shipScanCallsWindow":3,"shipsEnumeratedWindow":3},"timestamp":1772106372520}
{"sessionId":"e62f68","runId":"initial","hypothesisId":"G2","location":"GemSpawner.cs:SpawnGemsServerRpc","message":"Gem spawn batch","data":{"asteroidSize":25.10106,"totalValue":2510.106,"requestedGemCount":4,"spawnedCount":4,"activeServerGems":44},"timestamp":1772106372565}
{"sessionId":"e62f68","runId":"initial","hypothesisId":"G2","location":"GemSpawner.cs:SpawnGemsServerRpc","message":"Gem spawn batch","data":{"asteroidSize":25.10106,"totalValue":2510.106,"requestedGemCount":2,"spawnedCount":2,"activeServerGems":46},"timestamp":1772106372896}
{"sessionId":"e62f68","runId":"initial","hypothesisId":"G2","location":"GemSpawner.cs:SpawnGemsServerRpc","message":"Gem spawn batch","data":{"asteroidSize":25.10106,"totalValue":2510.106,"requestedGemCount":4,"spawnedCount":4,"activeServerGems":50},"timestamp":1772106373422}
{"sessionId":"e62f68","runId":"initial","hypothesisId":"G1","location":"Gem.cs:FixedUpdate","message":"Gem perf aggregate","data":{"activeServerGems":50,"fixedTicksWindow":2326,"shipScanCallsWindow":4,"shipsEnumeratedWindow":4},"timestamp":1772106373551}
{"sessionId":"e62f68","runId":"initial","hypothesisId":"G2","location":"GemSpawner.cs:SpawnGemsServerRpc","message":"Gem spawn batch","data":{"asteroidSize":44.12931,"totalValue":4412.932,"requestedGemCount":2,"spawnedCount":2,"activeServerGems":52},"timestamp":1772106373834}
{"sessionId":"e62f68","runId":"initial","hypothesisId":"G2","location":"GemSpawner.cs:SpawnGemsServerRpc","message":"Gem spawn batch","data":{"asteroidSize":7.476313,"totalValue":747.6313,"requestedGemCount":4,"spawnedCount":4,"activeServerGems":56},"timestamp":1772106374098}
{"sessionId":"e62f68","runId":"initial","hypothesisId":"G1","location":"Gem.cs:FixedUpdate","message":"Gem perf aggregate","data":{"activeServerGems":56,"fixedTicksWindow":2658,"shipScanCallsWindow":4,"shipsEnumeratedWindow":4},"timestamp":1772106374556}
{"sessionId":"e62f68","runId":"initial","hypothesisId":"G1","location":"Gem.cs:FixedUpdate","message":"Gem perf aggregate","data":{"activeServerGems":56,"fixedTicksWindow":2800,"shipScanCallsWindow":4,"shipsEnumeratedWindow":4},"timestamp":1772106375542}
{"sessionId":"e62f68","runId":"initial","hypothesisId":"G1","location":"Gem.cs:FixedUpdate","message":"Gem perf aggregate","data":{"activeServerGems":56,"fixedTicksWindow":2800,"shipScanCallsWindow":4,"shipsEnumeratedWindow":4},"timestamp":1772106376556}
{"sessionId":"e62f68","runId":"initial","hypothesisId":"G1","location":"Gem.cs:FixedUpdate","message":"Gem perf aggregate","data":{"activeServerGems":56,"fixedTicksWindow":2800,"shipScanCallsWindow":4,"shipsEnumeratedWindow":4},"timestamp":1772106377546}
{"sessionId":"e62f68","runId":"initial","hypothesisId":"G1","location":"Gem.cs:FixedUpdate","message":"Gem perf aggregate","data":{"activeServerGems":56,"fixedTicksWindow":2800,"shipScanCallsWindow":4,"shipsEnumeratedWindow":4},"timestamp":1772106378547}
{"sessionId":"e62f68","runId":"initial","hypothesisId":"G1","location":"Gem.cs:FixedUpdate","message":"Gem perf aggregate","data":{"activeServerGems":56,"fixedTicksWindow":2800,"shipScanCallsWindow":3,"shipsEnumeratedWindow":3},"timestamp":1772106379556}
{"sessionId":"e62f68","runId":"initial","hypothesisId":"G1","location":"Gem.cs:FixedUpdate","message":"Gem perf aggregate","data":{"activeServerGems":56,"fixedTicksWindow":2800,"shipScanCallsWindow":4,"shipsEnumeratedWindow":4},"timestamp":1772106380548}
{"sessionId":"e62f68","runId":"initial","hypothesisId":"G1","location":"Gem.cs:FixedUpdate","message":"Gem perf aggregate","data":{"activeServerGems":56,"fixedTicksWindow":2800,"shipScanCallsWindow":4,"shipsEnumeratedWindow":4},"timestamp":1772106381552}
{"sessionId":"e62f68","runId":"initial","hypothesisId":"G1","location":"Gem.cs:FixedUpdate","message":"Gem perf aggregate","data":{"activeServerGems":56,"fixedTicksWindow":2800,"shipScanCallsWindow":4,"shipsEnumeratedWindow":4},"timestamp":1772106382554}
{"sessionId":"e62f68","runId":"initial","hypothesisId":"G1","location":"Gem.cs:FixedUpdate","message":"Gem perf aggregate","data":{"activeServerGems":56,"fixedTicksWindow":2856,"shipScanCallsWindow":4,"shipsEnumeratedWindow":4},"timestamp":1772106383561}
{"sessionId":"e62f68","runId":"initial","hypothesisId":"G2","location":"GemSpawner.cs:SpawnGemsServerRpc","message":"Gem spawn batch","data":{"asteroidSize":11.66253,"totalValue":1166.253,"requestedGemCount":3,"spawnedCount":3,"activeServerGems":59},"timestamp":1772106383923}
{"sessionId":"e62f68","runId":"initial","hypothesisId":"G2","location":"GemSpawner.cs:SpawnGemsServerRpc","message":"Gem spawn batch","data":{"asteroidSize":40.28716,"totalValue":4028.716,"requestedGemCount":3,"spawnedCount":3,"activeServerGems":62},"timestamp":1772106384212}
{"sessionId":"e62f68","runId":"initial","hypothesisId":"G2","location":"GemSpawner.cs:SpawnGemsServerRpc","message":"Gem spawn batch","data":{"asteroidSize":11.66253,"totalValue":1166.253,"requestedGemCount":4,"spawnedCount":4,"activeServerGems":66},"timestamp":1772106384354}
{"sessionId":"e62f68","runId":"initial","hypothesisId":"G1","location":"Gem.cs:FixedUpdate","message":"Gem perf aggregate","data":{"activeServerGems":66,"fixedTicksWindow":2984,"shipScanCallsWindow":4,"shipsEnumeratedWindow":4},"timestamp":1772106384575}
{"sessionId":"e62f68","runId":"initial","hypothesisId":"G2","location":"GemSpawner.cs:SpawnGemsServerRpc","message":"Gem spawn batch","data":{"asteroidSize":11.66253,"totalValue":1166.253,"requestedGemCount":3,"spawnedCount":3,"activeServerGems":69},"timestamp":1772106384740}
{"sessionId":"e62f68","runId":"initial","hypothesisId":"G2","location":"GemSpawner.cs:SpawnGemsServerRpc","message":"Gem spawn batch","data":{"asteroidSize":40.28716,"totalValue":4028.716,"requestedGemCount":2,"spawnedCount":2,"activeServerGems":71},"timestamp":1772106384744}
{"sessionId":"e62f68","runId":"initial","hypothesisId":"G2","location":"GemSpawner.cs:SpawnGemsServerRpc","message":"Gem spawn batch","data":{"asteroidSize":11.66253,"totalValue":1166.253,"requestedGemCount":4,"spawnedCount":4,"activeServerGems":75},"timestamp":1772106385257}
{"sessionId":"e62f68","runId":"initial","hypothesisId":"G2","location":"GemSpawner.cs:SpawnGemsServerRpc","message":"Gem spawn batch","data":{"asteroidSize":40.28716,"totalValue":4028.716,"requestedGemCount":2,"spawnedCount":2,"activeServerGems":77},"timestamp":1772106385282}
{"sessionId":"e62f68","runId":"initial","hypothesisId":"G1","location":"Gem.cs:FixedUpdate","message":"Gem perf aggregate","data":{"activeServerGems":77,"fixedTicksWindow":3591,"shipScanCallsWindow":4,"shipsEnumeratedWindow":4},"timestamp":1772106385598}
{"sessionId":"e62f68","runId":"initial","hypothesisId":"G1","location":"Gem.cs:FixedUpdate","message":"Gem perf aggregate","data":{"activeServerGems":73,"fixedTicksWindow":3728,"shipScanCallsWindow":3,"shipsEnumeratedWindow":3},"timestamp":1772106386582}
{"sessionId":"e62f68","runId":"initial","hypothesisId":"G2","location":"GemSpawner.cs:SpawnGemsServerRpc","message":"Gem spawn batch","data":{"asteroidSize":39.02143,"totalValue":3902.144,"requestedGemCount":2,"spawnedCount":2,"activeServerGems":72},"timestamp":1772106386959}
{"sessionId":"e62f68","runId":"initial","hypothesisId":"G2","location":"GemSpawner.cs:SpawnGemsServerRpc","message":"Gem spawn batch","data":{"asteroidSize":39.02143,"totalValue":3902.144,"requestedGemCount":3,"spawnedCount":3,"activeServerGems":72},"timestamp":1772106387324}
{"sessionId":"e62f68","runId":"initial","hypothesisId":"G2","location":"GemSpawner.cs:SpawnGemsServerRpc","message":"Gem spawn batch","data":{"asteroidSize":16.53437,"totalValue":1653.437,"requestedGemCount":4,"spawnedCount":4,"activeServerGems":76},"timestamp":1772106387508}
{"sessionId":"e62f68","runId":"initial","hypothesisId":"G1","location":"Gem.cs:FixedUpdate","message":"Gem perf aggregate","data":{"activeServerGems":76,"fixedTicksWindow":3556,"shipScanCallsWindow":4,"shipsEnumeratedWindow":4},"timestamp":1772106387578}
{"sessionId":"e62f68","runId":"initial","hypothesisId":"G2","location":"GemSpawner.cs:SpawnGemsServerRpc","message":"Gem spawn batch","data":{"asteroidSize":16.53437,"totalValue":1653.437,"requestedGemCount":2,"spawnedCount":2,"activeServerGems":73},"timestamp":1772106388269}
{"sessionId":"e62f68","runId":"initial","hypothesisId":"G2","location":"GemSpawner.cs:SpawnGemsServerRpc","message":"Gem spawn batch","data":{"asteroidSize":46.88795,"totalValue":4688.795,"requestedGemCount":1,"spawnedCount":1,"activeServerGems":74},"timestamp":1772106388404}
{"sessionId":"e62f68","runId":"initial","hypothesisId":"G1","location":"Gem.cs:FixedUpdate","message":"Gem perf aggregate","data":{"activeServerGems":72,"fixedTicksWindow":3649,"shipScanCallsWindow":4,"shipsEnumeratedWindow":4},"timestamp":1772106388565}
{"sessionId":"e62f68","runId":"initial","hypothesisId":"G2","location":"GemSpawner.cs:SpawnGemsServerRpc","message":"Gem spawn batch","data":{"asteroidSize":16.53437,"totalValue":1653.437,"requestedGemCount":2,"spawnedCount":2,"activeServerGems":74},"timestamp":1772106388824}
{"sessionId":"e62f68","runId":"initial","hypothesisId":"G2","location":"GemSpawner.cs:SpawnGemsServerRpc","message":"Gem spawn batch","data":{"asteroidSize":50,"totalValue":5000,"requestedGemCount":3,"spawnedCount":3,"activeServerGems":77},"timestamp":1772106389128}
{"sessionId":"e62f68","runId":"initial","hypothesisId":"G2","location":"GemSpawner.cs:SpawnGemsServerRpc","message":"Gem spawn batch","data":{"asteroidSize":16.53437,"totalValue":1653.437,"requestedGemCount":3,"spawnedCount":3,"activeServerGems":80},"timestamp":1772106389186}
{"sessionId":"e62f68","runId":"initial","hypothesisId":"G1","location":"Gem.cs:FixedUpdate","message":"Gem perf aggregate","data":{"activeServerGems":80,"fixedTicksWindow":3794,"shipScanCallsWindow":4,"shipsEnumeratedWindow":4},"timestamp":1772106389571}
{"sessionId":"e62f68","runId":"initial","hypothesisId":"G2","location":"GemSpawner.cs:SpawnGemsServerRpc","message":"Gem spawn batch","data":{"asteroidSize":14.77052,"totalValue":1477.052,"requestedGemCount":3,"spawnedCount":3,"activeServerGems":83},"timestamp":1772106389710}
{"sessionId":"e62f68","runId":"initial","hypothesisId":"G2","location":"GemSpawner.cs:SpawnGemsServerRpc","message":"Gem spawn batch","data":{"asteroidSize":14.77052,"totalValue":1477.052,"requestedGemCount":4,"spawnedCount":4,"activeServerGems":83},"timestamp":1772106390263}
{"sessionId":"e62f68","runId":"initial","hypothesisId":"G1","location":"Gem.cs:FixedUpdate","message":"Gem perf aggregate","data":{"activeServerGems":83,"fixedTicksWindow":4106,"shipScanCallsWindow":4,"shipsEnumeratedWindow":4},"timestamp":1772106390566}
{"sessionId":"e62f68","runId":"initial","hypothesisId":"G1","location":"Gem.cs:FixedUpdate","message":"Gem perf aggregate","data":{"activeServerGems":70,"fixedTicksWindow":3881,"shipScanCallsWindow":4,"shipsEnumeratedWindow":4},"timestamp":1772106391576}
{"sessionId":"e62f68","runId":"initial","hypothesisId":"G2","location":"GemSpawner.cs:SpawnGemsServerRpc","message":"Gem spawn batch","data":{"asteroidSize":16.53437,"totalValue":1653.437,"requestedGemCount":2,"spawnedCount":2,"activeServerGems":72},"timestamp":1772106391822}
{"sessionId":"e62f68","runId":"initial","hypothesisId":"G2","location":"GemSpawner.cs:SpawnGemsServerRpc","message":"Gem spawn batch","data":{"asteroidSize":16.53437,"totalValue":1653.437,"requestedGemCount":3,"spawnedCount":3,"activeServerGems":72},"timestamp":1772106392162}
{"sessionId":"e62f68","runId":"initial","hypothesisId":"G1","location":"Gem.cs:FixedUpdate","message":"Gem perf aggregate","data":{"activeServerGems":65,"fixedTicksWindow":3549,"shipScanCallsWindow":4,"shipsEnumeratedWindow":4},"timestamp":1772106392584}
{"sessionId":"e62f68","runId":"initial","hypothesisId":"G2","location":"GemSpawner.cs:SpawnGemsServerRpc","message":"Gem spawn batch","data":{"asteroidSize":16.53437,"totalValue":1653.437,"requestedGemCount":4,"spawnedCount":4,"activeServerGems":69},"timestamp":1772106392701}
{"sessionId":"e62f68","runId":"initial","hypothesisId":"G2","location":"GemSpawner.cs:SpawnGemsServerRpc","message":"Gem spawn batch","data":{"asteroidSize":42.37173,"totalValue":4237.173,"requestedGemCount":2,"spawnedCount":2,"activeServerGems":69},"timestamp":1772106393003}
{"sessionId":"e62f68","runId":"initial","hypothesisId":"G2","location":"GemSpawner.cs:SpawnGemsServerRpc","message":"Gem spawn batch","data":{"asteroidSize":50,"totalValue":5000,"requestedGemCount":1,"spawnedCount":1,"activeServerGems":70},"timestamp":1772106393053}
{"sessionId":"e62f68","runId":"initial","hypothesisId":"G2","location":"GemSpawner.cs:SpawnGemsServerRpc","message":"Gem spawn batch","data":{"asteroidSize":16.53437,"totalValue":1653.437,"requestedGemCount":4,"spawnedCount":4,"activeServerGems":74},"timestamp":1772106393078}
{"sessionId":"e62f68","runId":"initial","hypothesisId":"G2","location":"GemSpawner.cs:SpawnGemsServerRpc","message":"Gem spawn batch","data":{"asteroidSize":16.53437,"totalValue":1653.437,"requestedGemCount":2,"spawnedCount":2,"activeServerGems":76},"timestamp":1772106393449}
{"sessionId":"e62f68","runId":"initial","hypothesisId":"G1","location":"Gem.cs:FixedUpdate","message":"Gem perf aggregate","data":{"activeServerGems":72,"fixedTicksWindow":3534,"shipScanCallsWindow":3,"shipsEnumeratedWindow":3},"timestamp":1772106393587}
{"sessionId":"e62f68","runId":"initial","hypothesisId":"G2","location":"GemSpawner.cs:SpawnGemsServerRpc","message":"Gem spawn batch","data":{"asteroidSize":39.02143,"totalValue":3902.144,"requestedGemCount":3,"spawnedCount":3,"activeServerGems":73},"timestamp":1772106394008}
{"sessionId":"e62f68","runId":"initial","hypothesisId":"G2","location":"GemSpawner.cs:SpawnGemsServerRpc","message":"Gem spawn batch","data":{"asteroidSize":16.53437,"totalValue":1653.437,"requestedGemCount":3,"spawnedCount":3,"activeServerGems":72},"timestamp":1772106394172}
{"sessionId":"e62f68","runId":"initial","hypothesisId":"G2","location":"GemSpawner.cs:SpawnGemsServerRpc","message":"Gem spawn batch","data":{"asteroidSize":39.02143,"totalValue":3902.144,"requestedGemCount":3,"spawnedCount":3,"activeServerGems":75},"timestamp":1772106394513}
{"sessionId":"e62f68","runId":"initial","hypothesisId":"G2","location":"GemSpawner.cs:SpawnGemsServerRpc","message":"Gem spawn batch","data":{"asteroidSize":16.53437,"totalValue":1653.437,"requestedGemCount":4,"spawnedCount":4,"activeServerGems":79},"timestamp":1772106394516}
{"sessionId":"e62f68","runId":"initial","hypothesisId":"G1","location":"Gem.cs:FixedUpdate","message":"Gem perf aggregate","data":{"activeServerGems":79,"fixedTicksWindow":3608,"shipScanCallsWindow":4,"shipsEnumeratedWindow":4},"timestamp":1772106394588}
{"sessionId":"e62f68","runId":"initial","hypothesisId":"G2","location":"GemSpawner.cs:SpawnGemsServerRpc","message":"Gem spawn batch","data":{"asteroidSize":16.53437,"totalValue":1653.437,"requestedGemCount":4,"spawnedCount":4,"activeServerGems":83},"timestamp":1772106394853}
{"sessionId":"e62f68","runId":"initial","hypothesisId":"G2","location":"GemSpawner.cs:SpawnGemsServerRpc","message":"Gem spawn batch","data":{"asteroidSize":16.53437,"totalValue":1653.437,"requestedGemCount":2,"spawnedCount":2,"activeServerGems":85},"timestamp":1772106395155}
{"sessionId":"e62f68","runId":"initial","hypothesisId":"G1","location":"Gem.cs:FixedUpdate","message":"Gem perf aggregate","data":{"activeServerGems":85,"fixedTicksWindow":4146,"shipScanCallsWindow":4,"shipsEnumeratedWindow":4},"timestamp":1772106395589}
{"sessionId":"e62f68","runId":"initial","hypothesisId":"G2","location":"GemSpawner.cs:SpawnGemsServerRpc","message":"Gem spawn batch","data":{"asteroidSize":39.02143,"totalValue":3902.144,"requestedGemCount":3,"spawnedCount":3,"activeServerGems":88},"timestamp":1772106395884}
{"sessionId":"e62f68","runId":"initial","hypothesisId":"G2","location":"GemSpawner.cs:SpawnGemsServerRpc","message":"Gem spawn batch","data":{"asteroidSize":39.02143,"totalValue":3902.144,"requestedGemCount":2,"spawnedCount":2,"activeServerGems":90},"timestamp":1772106396225}
{"sessionId":"e62f68","runId":"initial","hypothesisId":"G2","location":"GemSpawner.cs:SpawnGemsServerRpc","message":"Gem spawn batch","data":{"asteroidSize":39.02143,"totalValue":3902.144,"requestedGemCount":2,"spawnedCount":2,"activeServerGems":92},"timestamp":1772106396549}
{"sessionId":"e62f68","runId":"initial","hypothesisId":"G1","location":"Gem.cs:FixedUpdate","message":"Gem perf aggregate","data":{"activeServerGems":92,"fixedTicksWindow":4392,"shipScanCallsWindow":4,"shipsEnumeratedWindow":4},"timestamp":1772106396598}
{"sessionId":"e62f68","runId":"initial","hypothesisId":"G2","location":"GemSpawner.cs:SpawnGemsServerRpc","message":"Gem spawn batch","data":{"asteroidSize":39.02143,"totalValue":3902.144,"requestedGemCount":2,"spawnedCount":2,"activeServerGems":94},"timestamp":1772106396874}
{"sessionId":"e62f68","runId":"initial","hypothesisId":"G2","location":"GemSpawner.cs:SpawnGemsServerRpc","message":"Gem spawn batch","data":{"asteroidSize":40.28716,"totalValue":4028.716,"requestedGemCount":2,"spawnedCount":2,"activeServerGems":96},"timestamp":1772106396950}
{"sessionId":"e62f68","runId":"initial","hypothesisId":"G1","location":"Gem.cs:FixedUpdate","message":"Gem perf aggregate","data":{"activeServerGems":96,"fixedTicksWindow":4734,"shipScanCallsWindow":4,"shipsEnumeratedWindow":4},"timestamp":1772106397600}
{"sessionId":"e62f68","runId":"initial","hypothesisId":"G2","location":"GemSpawner.cs:SpawnGemsServerRpc","message":"Gem spawn batch","data":{"asteroidSize":39.02143,"totalValue":3902.144,"requestedGemCount":3,"spawnedCount":3,"activeServerGems":99},"timestamp":1772106397601}
{"sessionId":"e62f68","runId":"initial","hypothesisId":"G2","location":"GemSpawner.cs:SpawnGemsServerRpc","message":"Gem spawn batch","data":{"asteroidSize":39.02143,"totalValue":3902.144,"requestedGemCount":2,"spawnedCount":2,"activeServerGems":101},"timestamp":1772106397949}
{"sessionId":"e62f68","runId":"initial","hypothesisId":"G2","location":"GemSpawner.cs:SpawnGemsServerRpc","message":"Gem spawn batch","data":{"asteroidSize":39.02143,"totalValue":3902.144,"requestedGemCount":2,"spawnedCount":2,"activeServerGems":103},"timestamp":1772106398262}
{"sessionId":"e62f68","runId":"initial","hypothesisId":"G1","location":"Gem.cs:FixedUpdate","message":"Gem perf aggregate","data":{"activeServerGems":103,"fixedTicksWindow":5041,"shipScanCallsWindow":4,"shipsEnumeratedWindow":4},"timestamp":1772106398626}
{"sessionId":"e62f68","runId":"initial","hypothesisId":"G2","location":"GemSpawner.cs:SpawnGemsServerRpc","message":"Gem spawn batch","data":{"asteroidSize":16.53437,"totalValue":1653.437,"requestedGemCount":3,"spawnedCount":3,"activeServerGems":106},"timestamp":1772106399078}
{"sessionId":"e62f68","runId":"initial","hypothesisId":"G2","location":"GemSpawner.cs:SpawnGemsServerRpc","message":"Gem spawn batch","data":{"asteroidSize":46.88795,"totalValue":4688.795,"requestedGemCount":3,"spawnedCount":3,"activeServerGems":109},"timestamp":1772106399455}
{"sessionId":"e62f68","runId":"initial","hypothesisId":"G2","location":"GemSpawner.cs:SpawnGemsServerRpc","message":"Gem spawn batch","data":{"asteroidSize":42.37173,"totalValue":4237.173,"requestedGemCount":2,"spawnedCount":2,"activeServerGems":111},"timestamp":1772106399507}
{"sessionId":"e62f68","runId":"initial","hypothesisId":"G2","location":"GemSpawner.cs:SpawnGemsServerRpc","message":"Gem spawn batch","data":{"asteroidSize":16.53437,"totalValue":1653.437,"requestedGemCount":3,"spawnedCount":3,"activeServerGems":114},"timestamp":1772106399565}
{"sessionId":"e62f68","runId":"initial","hypothesisId":"G1","location":"Gem.cs:FixedUpdate","message":"Gem perf aggregate","data":{"activeServerGems":114,"fixedTicksWindow":5366,"shipScanCallsWindow":4,"shipsEnumeratedWindow":4},"timestamp":1772106399610}
{"sessionId":"e62f68","runId":"initial","hypothesisId":"G2","location":"GemSpawner.cs:SpawnGemsServerRpc","message":"Gem spawn batch","data":{"asteroidSize":42.37173,"totalValue":4237.173,"requestedGemCount":3,"spawnedCount":3,"activeServerGems":117},"timestamp":1772106399861}
{"sessionId":"e62f68","runId":"initial","hypothesisId":"G2","location":"GemSpawner.cs:SpawnGemsServerRpc","message":"Gem spawn batch","data":{"asteroidSize":16.53437,"totalValue":1653.437,"requestedGemCount":4,"spawnedCount":4,"activeServerGems":121},"timestamp":1772106399922}
{"sessionId":"e62f68","runId":"initial","hypothesisId":"G2","location":"GemSpawner.cs:SpawnGemsServerRpc","message":"Gem spawn batch","data":{"asteroidSize":14.77052,"totalValue":1477.052,"requestedGemCount":3,"spawnedCount":3,"activeServerGems":124},"timestamp":1772106400130}
{"sessionId":"e62f68","runId":"initial","hypothesisId":"G2","location":"GemSpawner.cs:SpawnGemsServerRpc","message":"Gem spawn batch","data":{"asteroidSize":14.77052,"totalValue":1477.052,"requestedGemCount":3,"spawnedCount":3,"activeServerGems":127},"timestamp":1772106400513}
{"sessionId":"e62f68","runId":"initial","hypothesisId":"G1","location":"Gem.cs:FixedUpdate","message":"Gem perf aggregate","data":{"activeServerGems":127,"fixedTicksWindow":6031,"shipScanCallsWindow":3,"shipsEnumeratedWindow":3},"timestamp":1772106400606}
{"sessionId":"e62f68","runId":"initial","hypothesisId":"G2","location":"GemSpawner.cs:SpawnGemsServerRpc","message":"Gem spawn batch","data":{"asteroidSize":14.77052,"totalValue":1477.052,"requestedGemCount":3,"spawnedCount":3,"activeServerGems":130},"timestamp":1772106400938}
{"sessionId":"e62f68","runId":"initial","hypothesisId":"G1","location":"Gem.cs:FixedUpdate","message":"Gem perf aggregate","data":{"activeServerGems":130,"fixedTicksWindow":6449,"shipScanCallsWindow":4,"shipsEnumeratedWindow":4},"timestamp":1772106401620}
{"sessionId":"e62f68","runId":"initial","hypothesisId":"G2","location":"GemSpawner.cs:SpawnGemsServerRpc","message":"Gem spawn batch","data":{"asteroidSize":14.77052,"totalValue":1477.052,"requestedGemCount":2,"spawnedCount":2,"activeServerGems":132},"timestamp":1772106402053}
{"sessionId":"e62f68","runId":"initial","hypothesisId":"G2","location":"GemSpawner.cs:SpawnGemsServerRpc","message":"Gem spawn batch","data":{"asteroidSize":16.53437,"totalValue":1653.437,"requestedGemCount":2,"spawnedCount":2,"activeServerGems":134},"timestamp":1772106402249}
{"sessionId":"e62f68","runId":"initial","hypothesisId":"G2","location":"GemSpawner.cs:SpawnGemsServerRpc","message":"Gem spawn batch","data":{"asteroidSize":14.77052,"totalValue":1477.052,"requestedGemCount":3,"spawnedCount":3,"activeServerGems":137},"timestamp":1772106402353}
{"sessionId":"e62f68","runId":"initial","hypothesisId":"G1","location":"Gem.cs:FixedUpdate","message":"Gem perf aggregate","data":{"activeServerGems":137,"fixedTicksWindow":6624,"shipScanCallsWindow":4,"shipsEnumeratedWindow":4},"timestamp":1772106402608}
{"sessionId":"e62f68","runId":"initial","hypothesisId":"G2","location":"GemSpawner.cs:SpawnGemsServerRpc","message":"Gem spawn batch","data":{"asteroidSize":40.28716,"totalValue":4028.716,"requestedGemCount":3,"spawnedCount":3,"activeServerGems":140},"timestamp":1772106402609}
{"sessionId":"e62f68","runId":"initial","hypothesisId":"G2","location":"GemSpawner.cs:SpawnGemsServerRpc","message":"Gem spawn batch","data":{"asteroidSize":16.53437,"totalValue":1653.437,"requestedGemCount":4,"spawnedCount":4,"activeServerGems":144},"timestamp":1772106402638}
{"sessionId":"e62f68","runId":"initial","hypothesisId":"G2","location":"GemSpawner.cs:SpawnGemsServerRpc","message":"Gem spawn batch","data":{"asteroidSize":16.53437,"totalValue":1653.437,"requestedGemCount":4,"spawnedCount":4,"activeServerGems":148},"timestamp":1772106403065}
{"sessionId":"e62f68","runId":"initial","hypothesisId":"G2","location":"GemSpawner.cs:SpawnGemsServerRpc","message":"Gem spawn batch","data":{"asteroidSize":13.17343,"totalValue":1317.343,"requestedGemCount":4,"spawnedCount":4,"activeServerGems":152},"timestamp":1772106403207}
{"sessionId":"e62f68","runId":"initial","hypothesisId":"G1","location":"Gem.cs:FixedUpdate","message":"Gem perf aggregate","data":{"activeServerGems":152,"fixedTicksWindow":7373,"shipScanCallsWindow":4,"shipsEnumeratedWindow":4},"timestamp":1772106403601}
{"sessionId":"e62f68","runId":"initial","hypothesisId":"G2","location":"GemSpawner.cs:SpawnGemsServerRpc","message":"Gem spawn batch","data":{"asteroidSize":30.19023,"totalValue":3019.023,"requestedGemCount":2,"spawnedCount":2,"activeServerGems":144},"timestamp":1772106404444}
{"sessionId":"e62f68","runId":"initial","hypothesisId":"G2","location":"GemSpawner.cs:SpawnGemsServerRpc","message":"Gem spawn batch","data":{"asteroidSize":50,"totalValue":5000,"requestedGemCount":3,"spawnedCount":3,"activeServerGems":147},"timestamp":1772106404494}
{"sessionId":"e62f68","runId":"initial","hypothesisId":"G2","location":"GemSpawner.cs:SpawnGemsServerRpc","message":"Gem spawn batch","data":{"asteroidSize":48.10633,"totalValue":4810.633,"requestedGemCount":3,"spawnedCount":3,"activeServerGems":150},"timestamp":1772106404497}
{"sessionId":"e62f68","runId":"initial","hypothesisId":"G2","location":"GemSpawner.cs:SpawnGemsServerRpc","message":"Gem spawn batch","data":{"asteroidSize":18.61987,"totalValue":1861.987,"requestedGemCount":4,"spawnedCount":4,"activeServerGems":154},"timestamp":1772106404552}
{"sessionId":"e62f68","runId":"initial","hypothesisId":"G2","location":"GemSpawner.cs:SpawnGemsServerRpc","message":"Gem spawn batch","data":{"asteroidSize":42.85369,"totalValue":4285.37,"requestedGemCount":2,"spawnedCount":2,"activeServerGems":156},"timestamp":1772106404580}
{"sessionId":"e62f68","runId":"initial","hypothesisId":"G1","location":"Gem.cs:FixedUpdate","message":"Gem perf aggregate","data":{"activeServerGems":156,"fixedTicksWindow":7459,"shipScanCallsWindow":4,"shipsEnumeratedWindow":4},"timestamp":1772106404608}
{"sessionId":"e62f68","runId":"initial","hypothesisId":"G2","location":"GemSpawner.cs:SpawnGemsServerRpc","message":"Gem spawn batch","data":{"asteroidSize":42.37173,"totalValue":4237.173,"requestedGemCount":2,"spawnedCount":2,"activeServerGems":153},"timestamp":1772106404874}
{"sessionId":"e62f68","runId":"initial","hypothesisId":"G2","location":"GemSpawner.cs:SpawnGemsServerRpc","message":"Gem spawn batch","data":{"asteroidSize":42.37173,"totalValue":4237.173,"requestedGemCount":2,"spawnedCount":2,"activeServerGems":155},"timestamp":1772106405196}
{"sessionId":"e62f68","runId":"initial","hypothesisId":"G2","location":"GemSpawner.cs:SpawnGemsServerRpc","message":"Gem spawn batch","data":{"asteroidSize":31.0278,"totalValue":3102.78,"requestedGemCount":2,"spawnedCount":2,"activeServerGems":157},"timestamp":1772106405250}
{"sessionId":"e62f68","runId":"initial","hypothesisId":"G1","location":"Gem.cs:FixedUpdate","message":"Gem perf aggregate","data":{"activeServerGems":151,"fixedTicksWindow":7646,"shipScanCallsWindow":4,"shipsEnumeratedWindow":4},"timestamp":1772106405608}
{"sessionId":"e62f68","runId":"initial","hypothesisId":"G2","location":"GemSpawner.cs:SpawnGemsServerRpc","message":"Gem spawn batch","data":{"asteroidSize":31.0278,"totalValue":3102.78,"requestedGemCount":2,"spawnedCount":2,"activeServerGems":153},"timestamp":1772106405813}
{"sessionId":"e62f68","runId":"initial","hypothesisId":"G2","location":"GemSpawner.cs:SpawnGemsServerRpc","message":"Gem spawn batch","data":{"asteroidSize":2.430707,"totalValue":243.0707,"requestedGemCount":2,"spawnedCount":2,"activeServerGems":155},"timestamp":1772106406076}
{"sessionId":"e62f68","runId":"initial","hypothesisId":"G2","location":"GemSpawner.cs:SpawnGemsServerRpc","message":"Gem spawn batch","data":{"asteroidSize":46.88795,"totalValue":4688.795,"requestedGemCount":1,"spawnedCount":1,"activeServerGems":156},"timestamp":1772106406200}
{"sessionId":"e62f68","runId":"initial","hypothesisId":"G2","location":"GemSpawner.cs:SpawnGemsServerRpc","message":"Gem spawn batch","data":{"asteroidSize":50,"totalValue":5000,"requestedGemCount":2,"spawnedCount":2,"activeServerGems":158},"timestamp":1772106406444}
{"sessionId":"e62f68","runId":"initial","hypothesisId":"G1","location":"Gem.cs:FixedUpdate","message":"Gem perf aggregate","data":{"activeServerGems":158,"fixedTicksWindow":7874,"shipScanCallsWindow":4,"shipsEnumeratedWindow":4},"timestamp":1772106406643}
{"sessionId":"e62f68","runId":"initial","hypothesisId":"G2","location":"GemSpawner.cs:SpawnGemsServerRpc","message":"Gem spawn batch","data":{"asteroidSize":50,"totalValue":5000,"requestedGemCount":3,"spawnedCount":3,"activeServerGems":161},"timestamp":1772106406862}
{"sessionId":"e62f68","runId":"initial","hypothesisId":"G2","location":"GemSpawner.cs:SpawnGemsServerRpc","message":"Gem spawn batch","data":{"asteroidSize":50,"totalValue":5000,"requestedGemCount":1,"spawnedCount":1,"activeServerGems":160},"timestamp":1772106407215}
{"sessionId":"e62f68","runId":"initial","hypothesisId":"G1","location":"Gem.cs:FixedUpdate","message":"Gem perf aggregate","data":{"activeServerGems":153,"fixedTicksWindow":7906,"shipScanCallsWindow":3,"shipsEnumeratedWindow":3},"timestamp":1772106407620}
