{"sessionId":"f38c7d","hypothesisId":"H3","location":"MainMenu.RefreshLobbyListAsync","message":"enter","data":{"nmInstanceNull":false},"timestamp":1777214333148}
{"sessionId":"f38c7d","hypothesisId":"H2","location":"NetworkGameManager.QueryOpenLobbiesAsync","message":"enter","data":{"latestOnly":false,"count":40},"timestamp":1777214333151}
{"sessionId":"f38c7d","hypothesisId":"H1","location":"UnityGameServicesBootstrap.EnsureGuestSessionForOnlineAsync","message":"guest_exception","data":{"exType":"AuthenticationException"},"timestamp":1777214333233}
{"sessionId":"f38c7d","hypothesisId":"H1","location":"UnityGameServicesBootstrap.EnsureGuestSessionForOnlineAsync","message":"guest_ok","data":{"ugsState":2,"signedIn":true,"authorized":true},"timestamp":1777214334932}
{"sessionId":"f38c7d","hypothesisId":"H2","location":"NetworkGameManager.QueryOpenLobbiesAsync","message":"query_done","data":{"responseNull":false,"rawResultCount":0},"timestamp":1777214335343}
{"sessionId":"f38c7d","hypothesisId":"H2","location":"NetworkGameManager.QueryOpenLobbiesAsync","message":"exit","data":{"summaryCount":0},"timestamp":1777214335344}
{"sessionId":"f38c7d","hypothesisId":"H3","location":"MainMenu.RefreshLobbyListAsync","message":"after_query","data":{"cachedCount":0,"latestOnlyFilter":false},"timestamp":1777214335345}
{"sessionId":"f38c7d","hypothesisId":"H3","location":"MainMenu.RefreshLobbyListAsync","message":"enter","data":{"nmInstanceNull":false},"timestamp":1777214346085}
{"sessionId":"f38c7d","hypothesisId":"H2","location":"NetworkGameManager.QueryOpenLobbiesAsync","message":"enter","data":{"latestOnly":false,"count":40},"timestamp":1777214346085}
{"sessionId":"f38c7d","hypothesisId":"H1","location":"UnityGameServicesBootstrap.EnsureGuestSessionForOnlineAsync","message":"guest_ok","data":{"ugsState":2,"signedIn":true,"authorized":true},"timestamp":1777214346086}
{"sessionId":"f38c7d","hypothesisId":"H2","location":"NetworkGameManager.QueryOpenLobbiesAsync","message":"query_done","data":{"responseNull":false,"rawResultCount":0},"timestamp":1777214346251}
{"sessionId":"f38c7d","hypothesisId":"H2","location":"NetworkGameManager.QueryOpenLobbiesAsync","message":"exit","data":{"summaryCount":0},"timestamp":1777214346252}
{"sessionId":"f38c7d","hypothesisId":"H3","location":"MainMenu.RefreshLobbyListAsync","message":"after_query","data":{"cachedCount":0,"latestOnlyFilter":false},"timestamp":1777214346252}
{"sessionId":"f38c7d","hypothesisId":"H3","location":"MainMenu.RefreshLobbyListAsync","message":"enter","data":{"nmInstanceNull":false},"timestamp":1777214352731}
{"sessionId":"f38c7d","hypothesisId":"H2","location":"NetworkGameManager.QueryOpenLobbiesAsync","message":"enter","data":{"latestOnly":false,"count":40},"timestamp":1777214352732}
{"sessionId":"f38c7d","hypothesisId":"H1","location":"UnityGameServicesBootstrap.EnsureGuestSessionForOnlineAsync","message":"guest_ok","data":{"ugsState":2,"signedIn":true,"authorized":true},"timestamp":1777214352732}
{"sessionId":"f38c7d","hypothesisId":"H2","location":"NetworkGameManager.QueryOpenLobbiesAsync","message":"query_done","data":{"responseNull":false,"rawResultCount":0},"timestamp":1777214352898}
{"sessionId":"f38c7d","hypothesisId":"H2","location":"NetworkGameManager.QueryOpenLobbiesAsync","message":"exit","data":{"summaryCount":0},"timestamp":1777214352898}
{"sessionId":"f38c7d","hypothesisId":"H3","location":"MainMenu.RefreshLobbyListAsync","message":"after_query","data":{"cachedCount":0,"latestOnlyFilter":false},"timestamp":1777214352898}
{"sessionId":"f38c7d","hypothesisId":"H1","location":"UnityGameServicesBootstrap.EnsureGuestSessionForOnlineAsync","message":"guest_ok","data":{"ugsState":2,"signedIn":true,"authorized":true},"timestamp":1777214356018}
{"sessionId":"f38c7d","hypothesisId":"H4","location":"NetworkGameManager.TryQuickJoinOpenLobbyAsClientAsync","message":"quickjoin_enter","data":{},"timestamp":1777214356018}
