{"sessionId":"e2a466","runId":"pre-fix","hypothesisId":"H7","location":"MainMenu.RefreshLobbyListAsync","message":"refresh_requested","data":{"count":1,"deltaMs":-1},"timestamp":1777476352656}
{"sessionId":"e2a466","runId":"pre-fix","hypothesisId":"H5","location":"NetworkGameManager.QueryOpenLobbiesAsync","message":"query_enter","data":{"latestOnly":false,"count":40},"timestamp":1777476352664}
{"sessionId":"e2a466","runId":"pre-fix","hypothesisId":"H5","location":"NetworkGameManager.QueryOpenLobbiesAsync","message":"query_results","data":{"resultCount":0,"lobbies":[]},"timestamp":1777476355504}
{"sessionId":"e2a466","runId":"pre-fix","hypothesisId":"H6","location":"NetworkGameManager.QueryOpenLobbiesAsync","message":"query_unfiltered_probe_exception","data":{"exType":"LobbyServiceException","message":"Too Many Requests"},"timestamp":1777476355687}
{"sessionId":"e2a466","runId":"post-fix","hypothesisId":"H8","location":"MainMenu.RefreshLobbyListAsync","message":"refresh_skipped_cooldown","data":{"remainingMs":1453},"timestamp":1777476356202}
{"sessionId":"e2a466","runId":"pre-fix","hypothesisId":"H7","location":"MainMenu.RefreshLobbyListAsync","message":"refresh_requested","data":{"count":2,"deltaMs":7411},"timestamp":1777476360067}
{"sessionId":"e2a466","runId":"pre-fix","hypothesisId":"H5","location":"NetworkGameManager.QueryOpenLobbiesAsync","message":"query_enter","data":{"latestOnly":false,"count":40},"timestamp":1777476360069}
{"sessionId":"e2a466","runId":"pre-fix","hypothesisId":"H5","location":"NetworkGameManager.QueryOpenLobbiesAsync","message":"query_results","data":{"resultCount":0,"lobbies":[]},"timestamp":1777476360218}
{"sessionId":"e2a466","runId":"post-fix","hypothesisId":"H9","location":"NetworkGameManager.QueryOpenLobbiesAsync","message":"query_unfiltered_probe_skipped_backoff","data":{"remainingMs":55469},"timestamp":1777476360219}
{"sessionId":"e2a466","runId":"pre-fix","hypothesisId":"H7","location":"MainMenu.RefreshLobbyListAsync","message":"refresh_requested","data":{"count":3,"deltaMs":9927},"timestamp":1777476369994}
{"sessionId":"e2a466","runId":"pre-fix","hypothesisId":"H5","location":"NetworkGameManager.QueryOpenLobbiesAsync","message":"query_enter","data":{"latestOnly":false,"count":40},"timestamp":1777476369995}
{"sessionId":"e2a466","runId":"pre-fix","hypothesisId":"H5","location":"NetworkGameManager.QueryOpenLobbiesAsync","message":"query_results","data":{"resultCount":1,"lobbies":[{"name":"Warp Echo","players":1,"max":60,"isOpen":true,"isLatest":true,"relayProtocol":"","serverListenAddress":""}]},"timestamp":1777476370140}
{"sessionId":"e2a466","runId":"post-fix","hypothesisId":"H12","location":"NetworkGameManager.PlayWebGLJoinByLobbyIdAsync","message":"join_allocation_configured","data":{"allocationId":"b996563d-b766-4cfd-9e78-d1c2d7e0140f","useWebSockets":false,"relayConnectionType":"udp"},"timestamp":1777476373827}
{"sessionId":"e2a466","runId":"post-fix","hypothesisId":"H13","location":"NetworkGameManager.PlayWebGLJoinByLobbyIdAsync","message":"joined_lobby_metadata","data":{"lobbyId":"tjLe5sabvFvFwH49YnNsCa","name":"Warp Echo","players":2,"maxPlayers":60,"isOpen":true,"isLatest":true,"ageSec":5,"lobbyRelayProtocol":"","lobbyServerListenAddress":""},"timestamp":1777476373957}
{"sessionId":"e2a466","runId":"post-fix","hypothesisId":"H10","location":"NetworkGameManager.StartDebugJoinMonitor","message":"join_monitor_start","data":{"source":"join_lobby_id","tag":"tjLe5sabvFvFwH49YnNsCa"},"timestamp":1777476373958}
{"sessionId":"e2a466","runId":"post-fix","hypothesisId":"H10","location":"NetworkGameManager.CoDebugJoinMonitor","message":"join_monitor_5s","data":{"source":"join_lobby_id","tag":"tjLe5sabvFvFwH49YnNsCa","connected":false,"lobbyPlayers":2},"timestamp":1777476378901}
{"sessionId":"e2a466","runId":"post-fix","hypothesisId":"H11","location":"NetworkGameManager.DebugOnAnyClientDisconnected","message":"client_disconnected_callback","data":{"clientId":0,"localClientId":0,"isConnectedClient":false,"disconnectReason":""},"timestamp":1777476384628}
{"sessionId":"e2a466","runId":"post-fix","hypothesisId":"H15","location":"NetworkGameManager.DebugFetchLobbyStateAfterDisconnectAsync","message":"post_disconnect_get_lobby_ok","data":{"lobbyId":"tjLe5sabvFvFwH49YnNsCa","players":2},"timestamp":1777476384815}
{"sessionId":"e2a466","runId":"pre-fix","hypothesisId":"H7","location":"MainMenu.RefreshLobbyListAsync","message":"refresh_requested","data":{"count":1,"deltaMs":-1},"timestamp":1777656890515}
{"sessionId":"e2a466","runId":"pre-fix","hypothesisId":"H5","location":"NetworkGameManager.QueryOpenLobbiesAsync","message":"query_enter","data":{"latestOnly":false,"count":40},"timestamp":1777656890523}
{"sessionId":"e2a466","runId":"pre-fix","hypothesisId":"H5","location":"NetworkGameManager.QueryOpenLobbiesAsync","message":"query_results","data":{"resultCount":1,"lobbies":[{"name":"Nebula Prime","players":1,"max":60,"isOpen":true,"isLatest":true,"relayProtocol":"udp","serverListenAddress":"0.0.0.0"}]},"timestamp":1777656892871}
{"sessionId":"e2a466","runId":"post-fix","hypothesisId":"H8","location":"MainMenu.RefreshLobbyListAsync","message":"refresh_skipped_cooldown","data":{"remainingMs":81},"timestamp":1777656895433}
{"sessionId":"e2a466","runId":"post-fix","hypothesisId":"H12","location":"NetworkGameManager.PlayWebGLJoinByLobbyIdAsync","message":"join_allocation_configured","data":{"allocationId":"5e444aff-7ec4-4318-a84a-90f6c112c9c1","useWebSockets":false,"relayConnectionType":"udp"},"timestamp":1777656898147}
{"sessionId":"e2a466","runId":"post-fix","hypothesisId":"H13","location":"NetworkGameManager.PlayWebGLJoinByLobbyIdAsync","message":"joined_lobby_metadata","data":{"lobbyId":"ATgrDDbaysYcZtrd9Q2XP6","name":"Nebula Prime","players":2,"maxPlayers":60,"isOpen":true,"isLatest":true,"ageSec":490,"lobbyRelayProtocol":"udp","lobbyServerListenAddress":"0.0.0.0"},"timestamp":1777656898298}
{"sessionId":"e2a466","runId":"post-fix","hypothesisId":"H10","location":"NetworkGameManager.StartDebugJoinMonitor","message":"join_monitor_start","data":{"source":"join_lobby_id","tag":"ATgrDDbaysYcZtrd9Q2XP6"},"timestamp":1777656898299}
{"sessionId":"e2a466","runId":"post-fix","hypothesisId":"H11","location":"NetworkGameManager.DebugOnAnyClientConnected","message":"client_connected_callback","data":{"clientId":1,"localClientId":1,"isConnectedClient":true},"timestamp":1777656934356}
{"sessionId":"e2a466","runId":"post-fix","hypothesisId":"H11","location":"NetworkGameManager.AgentOnTransportFailure","message":"transport_failure","data":{"relayConnectionType":"udp","isHost":false,"isClient":true},"timestamp":1777656957501}
{"sessionId":"e2a466","runId":"post-fix","hypothesisId":"H11","location":"NetworkGameManager.DebugOnAnyClientDisconnected","message":"client_disconnected_callback","data":{"clientId":1,"localClientId":1,"isConnectedClient":true,"disconnectReason":""},"timestamp":1777656957516}
{"sessionId":"e2a466","runId":"post-fix","hypothesisId":"H10","location":"NetworkGameManager.CoDebugJoinMonitor","message":"join_monitor_5s","data":{"source":"join_lobby_id","tag":"ATgrDDbaysYcZtrd9Q2XP6","connected":false,"lobbyPlayers":2},"timestamp":1777656961800}
{"sessionId":"e2a466","runId":"post-fix","hypothesisId":"H10","location":"NetworkGameManager.CoDebugJoinMonitor","message":"join_monitor_15s","data":{"source":"join_lobby_id","tag":"ATgrDDbaysYcZtrd9Q2XP6","connected":false,"listening":false,"lobbyPlayers":2,"elapsedMs":73512},"timestamp":1777656971812}
{"sessionId":"e2a466","runId":"pre-fix","hypothesisId":"H7","location":"MainMenu.RefreshLobbyListAsync","message":"refresh_requested","data":{"count":1,"deltaMs":-1},"timestamp":1777657153117}
{"sessionId":"e2a466","runId":"pre-fix","hypothesisId":"H5","location":"NetworkGameManager.QueryOpenLobbiesAsync","message":"query_enter","data":{"latestOnly":false,"count":40},"timestamp":1777657153125}
{"sessionId":"e2a466","runId":"pre-fix","hypothesisId":"H5","location":"NetworkGameManager.QueryOpenLobbiesAsync","message":"query_results","data":{"resultCount":1,"lobbies":[{"name":"Nebula Prime","players":2,"max":60,"isOpen":true,"isLatest":true,"relayProtocol":"udp","serverListenAddress":"0.0.0.0"}]},"timestamp":1777657155821}
{"sessionId":"e2a466","runId":"post-fix","hypothesisId":"H8","location":"MainMenu.RefreshLobbyListAsync","message":"refresh_skipped_cooldown","data":{"remainingMs":1053},"timestamp":1777657157063}
{"sessionId":"e2a466","runId":"post-fix","hypothesisId":"H12","location":"NetworkGameManager.PlayWebGLJoinByLobbyIdAsync","message":"join_allocation_configured","data":{"allocationId":"c149aaca-9ca9-4665-a8c1-e364e8e476db","useWebSockets":false,"relayConnectionType":"udp"},"timestamp":1777657160832}
{"sessionId":"e2a466","runId":"post-fix","hypothesisId":"H13","location":"NetworkGameManager.PlayWebGLJoinByLobbyIdAsync","message":"joined_lobby_metadata","data":{"lobbyId":"ATgrDDbaysYcZtrd9Q2XP6","name":"Nebula Prime","players":2,"maxPlayers":60,"isOpen":true,"isLatest":true,"ageSec":752,"lobbyRelayProtocol":"udp","lobbyServerListenAddress":"0.0.0.0"},"timestamp":1777657160975}
{"sessionId":"e2a466","runId":"post-fix","hypothesisId":"H10","location":"NetworkGameManager.StartDebugJoinMonitor","message":"join_monitor_start","data":{"source":"join_lobby_id","tag":"ATgrDDbaysYcZtrd9Q2XP6"},"timestamp":1777657160975}
{"sessionId":"e2a466","runId":"post-fix","hypothesisId":"H11","location":"NetworkGameManager.DebugOnAnyClientConnected","message":"client_connected_callback","data":{"clientId":2,"localClientId":2,"isConnectedClient":true},"timestamp":1777657161574}
{"sessionId":"e2a466","runId":"post-fix","hypothesisId":"H10","location":"NetworkGameManager.CoDebugJoinMonitor","message":"join_monitor_5s","data":{"source":"join_lobby_id","tag":"ATgrDDbaysYcZtrd9Q2XP6","connected":true,"lobbyPlayers":2},"timestamp":1777657174674}
{"sessionId":"e2a466","runId":"post-fix","hypothesisId":"H10","location":"NetworkGameManager.CoDebugJoinMonitor","message":"join_monitor_15s","data":{"source":"join_lobby_id","tag":"ATgrDDbaysYcZtrd9Q2XP6","connected":true,"listening":true,"lobbyPlayers":2,"elapsedMs":24404},"timestamp":1777657185381}
{"sessionId":"e2a466","runId":"post-fix","hypothesisId":"H11","location":"NetworkGameManager.DebugOnAnyClientDisconnected","message":"client_disconnected_callback","data":{"clientId":2,"localClientId":2,"isConnectedClient":true,"disconnectReason":""},"timestamp":1777657217809}
