[Licensing::Module] Trying to connect to existing licensing client channel...
Built from '6000.4/staging' branch; Version is '6000.4.8f1 (f8b72d3d7343) revision 16299821'; Using compiler version '194234433'; Build Type 'Release'
[Licensing::IpcConnector] Successfully connected to: "LicenseClient-jason" at "2026-07-10T16:08:10.8370054Z"
OS: 'Windows 11  (10.0.26200) Core' Language: 'en' Physical Memory: 32468 MB
BatchMode: 1, IsHumanControllingUs: 0, StartBugReporterOnCrash: 0, Is64bit: 1
System  architecture: x64
Process architecture: x64
Date: 2026-07-10T16:08:10Z

COMMAND LINE ARGUMENTS:
C:\Program Files\Unity\Hub\Editor\6000.4.8f1\Editor\Unity.exe
-batchmode
-quit
-projectPath
C:\Users\jason\Documents\repo\Titan-Orbit\Titan Orbit
-executeMethod
TitanOrbit.Editor.Build.TitanOrbitBuildAutomation.BuildHeadlessServerLinux
-logFile
C:\Users\jason\Documents\repo\Titan-Orbit\BuildOutput\burst-verify.log
Successfully changed project path to: C:\Users\jason\Documents\repo\Titan-Orbit\Titan Orbit
C:/Users/jason/Documents/repo/Titan-Orbit/Titan Orbit
Exiting without the bug reporter. Application will terminate with return code 1